Component: ARM Compiler 5.05 update 1 (build 106) Tool: armlink [4d0efa]

==============================================================================

Section Cross References

    startup_stm32f103xb.o(RESET) refers to startup_stm32f103xb.o(STACK) for __initial_sp
    startup_stm32f103xb.o(RESET) refers to startup_stm32f103xb.o(.text) for Reset_Handler
    startup_stm32f103xb.o(RESET) refers to stm32f1xx_it.o(i.NMI_Handler) for NMI_Handler
    startup_stm32f103xb.o(RESET) refers to context_rvds.o(.text) for HardFault_Handler
    startup_stm32f103xb.o(RESET) refers to stm32f1xx_it.o(i.MemManage_Handler) for MemManage_Handler
    startup_stm32f103xb.o(RESET) refers to stm32f1xx_it.o(i.BusFault_Handler) for BusFault_Handler
    startup_stm32f103xb.o(RESET) refers to stm32f1xx_it.o(i.UsageFault_Handler) for UsageFault_Handler
    startup_stm32f103xb.o(RESET) refers to stm32f1xx_it.o(i.DebugMon_Handler) for DebugMon_Handler
    startup_stm32f103xb.o(RESET) refers to board_1.o(i.SysTick_Handler) for SysTick_Handler
    startup_stm32f103xb.o(RESET) refers to stm32f1xx_it.o(i.USB_LP_CAN1_RX0_IRQHandler) for USB_LP_CAN1_RX0_IRQHandler
    startup_stm32f103xb.o(RESET) refers to stm32f1xx_it.o(i.CAN1_RX1_IRQHandler) for CAN1_RX1_IRQHandler
    startup_stm32f103xb.o(RESET) refers to stm32f1xx_it.o(i.USART2_IRQHandler) for USART2_IRQHandler
    startup_stm32f103xb.o(RESET) refers to stm32f1xx_it.o(i.EXTI15_10_IRQHandler) for EXTI15_10_IRQHandler
    startup_stm32f103xb.o(.text) refers to system_stm32f1xx.o(i.SystemInit) for SystemInit
    startup_stm32f103xb.o(.text) refers to entry.o(.ARM.Collect$$$$00000000) for __main
    main.o(i.SystemClock_Config) refers to memseta.o(.text) for __aeabi_memclr4
    main.o(i.SystemClock_Config) refers to stm32f1xx_hal_rcc.o(i.HAL_RCC_OscConfig) for HAL_RCC_OscConfig
    main.o(i.SystemClock_Config) refers to main.o(i.Error_Handler) for Error_Handler
    main.o(i.SystemClock_Config) refers to stm32f1xx_hal_rcc.o(i.HAL_RCC_ClockConfig) for HAL_RCC_ClockConfig
    main.o(i.main) refers to stm32f1xx_hal.o(i.HAL_Init) for HAL_Init
    main.o(i.main) refers to main.o(i.SystemClock_Config) for SystemClock_Config
    main.o(i.main) refers to gpio.o(i.MX_GPIO_Init) for MX_GPIO_Init
    main.o(i.main) refers to usart.o(i.MX_USART1_UART_Init) for MX_USART1_UART_Init
    main.o(i.main) refers to usart.o(i.MX_USART2_UART_Init) for MX_USART2_UART_Init
    main.o(i.main) refers to can.o(i.MX_CAN_Init) for MX_CAN_Init
    main.o(i.main) refers to bms_app.o(i.BMS_SysInitialize) for BMS_SysInitialize
    main.o(i.main) refers to stm32f1xx_hal_gpio.o(i.HAL_GPIO_TogglePin) for HAL_GPIO_TogglePin
    main.o(i.main) refers to thread.o(i.rt_thread_mdelay) for rt_thread_mdelay
    gpio.o(i.MX_GPIO_Init) refers to stm32f1xx_hal_gpio.o(i.HAL_GPIO_WritePin) for HAL_GPIO_WritePin
    gpio.o(i.MX_GPIO_Init) refers to stm32f1xx_hal_gpio.o(i.HAL_GPIO_Init) for HAL_GPIO_Init
    gpio.o(i.MX_GPIO_Init) refers to stm32f1xx_hal_cortex.o(i.HAL_NVIC_SetPriority) for HAL_NVIC_SetPriority
    gpio.o(i.MX_GPIO_Init) refers to stm32f1xx_hal_cortex.o(i.HAL_NVIC_EnableIRQ) for HAL_NVIC_EnableIRQ
    can.o(i.HAL_CAN_MspDeInit) refers to stm32f1xx_hal_gpio.o(i.HAL_GPIO_DeInit) for HAL_GPIO_DeInit
    can.o(i.HAL_CAN_MspDeInit) refers to stm32f1xx_hal_cortex.o(i.HAL_NVIC_DisableIRQ) for HAL_NVIC_DisableIRQ
    can.o(i.HAL_CAN_MspInit) refers to stm32f1xx_hal_gpio.o(i.HAL_GPIO_Init) for HAL_GPIO_Init
    can.o(i.HAL_CAN_MspInit) refers to stm32f1xx_hal_cortex.o(i.HAL_NVIC_SetPriority) for HAL_NVIC_SetPriority
    can.o(i.HAL_CAN_MspInit) refers to stm32f1xx_hal_cortex.o(i.HAL_NVIC_EnableIRQ) for HAL_NVIC_EnableIRQ
    can.o(i.MX_CAN_Init) refers to stm32f1xx_hal_can.o(i.HAL_CAN_Init) for HAL_CAN_Init
    can.o(i.MX_CAN_Init) refers to main.o(i.Error_Handler) for Error_Handler
    can.o(i.MX_CAN_Init) refers to can.o(.bss) for hcan
    usart.o(i.HAL_UART_MspDeInit) refers to stm32f1xx_hal_gpio.o(i.HAL_GPIO_DeInit) for HAL_GPIO_DeInit
    usart.o(i.HAL_UART_MspDeInit) refers to stm32f1xx_hal_cortex.o(i.HAL_NVIC_DisableIRQ) for HAL_NVIC_DisableIRQ
    usart.o(i.HAL_UART_MspInit) refers to stm32f1xx_hal_gpio.o(i.HAL_GPIO_Init) for HAL_GPIO_Init
    usart.o(i.HAL_UART_MspInit) refers to stm32f1xx_hal_cortex.o(i.HAL_NVIC_SetPriority) for HAL_NVIC_SetPriority
    usart.o(i.HAL_UART_MspInit) refers to stm32f1xx_hal_cortex.o(i.HAL_NVIC_EnableIRQ) for HAL_NVIC_EnableIRQ
    usart.o(i.MX_USART1_UART_Init) refers to stm32f1xx_hal_uart.o(i.HAL_UART_Init) for HAL_UART_Init
    usart.o(i.MX_USART1_UART_Init) refers to main.o(i.Error_Handler) for Error_Handler
    usart.o(i.MX_USART1_UART_Init) refers to usart.o(.bss) for huart1
    usart.o(i.MX_USART2_UART_Init) refers to stm32f1xx_hal_uart.o(i.HAL_UART_Init) for HAL_UART_Init
    usart.o(i.MX_USART2_UART_Init) refers to main.o(i.Error_Handler) for Error_Handler
    usart.o(i.MX_USART2_UART_Init) refers to usart.o(.bss) for huart2
[...]
    __aeabi_drsub                            0x080005b5   Thumb Code     6  dadd.o(.text)
    __aeabi_dmul                             0x080005bb   Thumb Code   228  dmul.o(.text)
    __aeabi_ddiv                             0x0800069f   Thumb Code   222  ddiv.o(.text)
    __aeabi_i2f                              0x0800077d   Thumb Code    18  fflti.o(.text)
    __aeabi_ui2f                             0x0800078f   Thumb Code    10  ffltui.o(.text)
    __aeabi_i2d                              0x08000799   Thumb Code    34  dflti.o(.text)
    __aeabi_ui2d                             0x080007bb   Thumb Code    26  dfltui.o(.text)
    __aeabi_f2iz                             0x080007d5   Thumb Code    50  ffixi.o(.text)
    __aeabi_f2uiz                            0x08000807   Thumb Code    40  ffixui.o(.text)
    __aeabi_f2d                              0x0800082f   Thumb Code    38  f2d.o(.text)
    __aeabi_cdcmpeq                          0x08000855   Thumb Code     0  cdcmple.o(.text)
    __aeabi_cdcmple                          0x08000855   Thumb Code    48  cdcmple.o(.text)
    __aeabi_cdrcmple                         0x08000885   Thumb Code    48  cdrcmple.o(.text)
    __aeabi_d2f                              0x080008b5   Thumb Code    56  d2f.o(.text)
    __aeabi_cfcmpeq                          0x080008ed   Thumb Code     0  cfcmple.o(.text)
    __aeabi_cfcmple                          0x080008ed   Thumb Code    20  cfcmple.o(.text)
    __aeabi_cfrcmple                         0x08000901   Thumb Code    20  cfrcmple.o(.text)
    __aeabi_uidiv                            0x08000915   Thumb Code     0  uidiv.o(.text)
    __aeabi_uidivmod                         0x08000915   Thumb Code    44  uidiv.o(.text)
    __aeabi_uldivmod                         0x08000941   Thumb Code    98  uldiv.o(.text)
    __aeabi_llsl                             0x080009a3   Thumb Code    30  llshl.o(.text)
    _ll_shift_l                              0x080009a3   Thumb Code     0  llshl.o(.text)
    __aeabi_lasr                             0x080009c1   Thumb Code    36  llsshr.o(.text)
    _ll_sshift_r                             0x080009c1   Thumb Code     0  llsshr.o(.text)
    __I$use$fp                               0x080009e5   Thumb Code     0  iusefp.o(.text)
    _float_round                             0x080009e5   Thumb Code    18  fepilogue.o(.text)
    _float_epilogue                          0x080009f7   Thumb Code    92  fepilogue.o(.text)
    _double_round                            0x08000a53   Thumb Code    30  depilogue.o(.text)
    _double_epilogue                         0x08000a71   Thumb Code   156  depilogue.o(.text)
    __aeabi_d2ulz                            0x08000b0d   Thumb Code    48  dfixul.o(.text)
    __scatterload                            0x08000b3d   Thumb Code    28  init.o(.text)
    __scatterload_rt2                        0x08000b3d   Thumb Code     0  init.o(.text)
    __decompress                             0x08000b61   Thumb Code     0  __dczerorl2.o(.text)
    __decompress1                            0x08000b61   Thumb Code    86  __dczerorl2.o(.text)
    main                                     0x08000bb7   Thumb Code    10  components.o(i.$Sub$$main)
    BMS_AnalysisInit                         0x08000ded   Thumb Code    54  bms_analysis.o(i.BMS_AnalysisInit)
    BMS_CommInit                             0x080014ad   Thumb Code    54  bms_comm.o(i.BMS_CommInit)
    BMS_EnergyInit                           0x08001981   Thumb Code   112  bms_energy.o(i.BMS_EnergyInit)
    BMS_HalCtrlCellsBalance                  0x08001ab5   Thumb Code    16  bms_hal_control.o(i.BMS_HalCtrlCellsBalance)
    BMS_HalCtrlCharge                        0x08001ac5   Thumb Code    14  bms_hal_control.o(i.BMS_HalCtrlCharge)
    BMS_HalCtrlDischarge                     0x08001ad3   Thumb Code    14  bms_hal_control.o(i.BMS_HalCtrlDischarge)
    BMS_InfoInit                             0x08001ae1   Thumb Code    54  bms_info.o(i.BMS_InfoInit)
    BMS_MonitorHwCurrent                     0x0800207d   Thumb Code     8  bms_monitor.o(i.BMS_MonitorHwCurrent)
    BMS_MonitorInit                          0x08002089   Thumb Code    54  bms_monitor.o(i.BMS_MonitorInit)
    BMS_ProtectHwDevice                      0x08002311   Thumb Code    22  bms_protect.o(i.BMS_ProtectHwDevice)
    BMS_ProtectHwMonitor                     0x08002359   Thumb Code   154  bms_protect.o(i.BMS_ProtectHwMonitor)
    BMS_ProtectHwOCD                         0x08002455   Thumb Code    14  bms_protect.o(i.BMS_ProtectHwOCD)
    BMS_ProtectHwOV                          0x08002469   Thumb Code    14  bms_protect.o(i.BMS_ProtectHwOV)
    BMS_ProtectHwOvrd                        0x0800247d   Thumb Code    22  bms_protect.o(i.BMS_ProtectHwOvrd)
    BMS_ProtectHwSCD                         0x080024c1   Thumb Code    14  bms_protect.o(i.BMS_ProtectHwSCD)
    BMS_ProtectHwUV                          0x080024d5   Thumb Code    14  bms_protect.o(i.BMS_ProtectHwUV)
    BMS_ProtectInit                          0x080024e9   Thumb Code    98  bms_protect.o(i.BMS_ProtectInit)
    BMS_SysInitialize                        0x08002925   Thumb Code   108  bms_app.o(i.BMS_SysInitialize)
    BQ769X0_CellBalanceControl               0x08002a81   Thumb Code   110  drv_softi2c_bq769x0.o(i.BQ769X0_CellBalanceControl)
    BQ769X0_ControlDSGOrCHG                  0x08002be1   Thumb Code    42  drv_softi2c_bq769x0.o(i.BQ769X0_ControlDSGOrCHG)
    BQ769X0_EntryShip                        0x08002c11   Thumb Code    28  drv_softi2c_bq769x0.o(i.BQ769X0_EntryShip)
    BQ769X0_GetADCGainOffset                 0x08002c2d   Thumb Code   176  drv_softi2c_bq769x0.o(i.BQ769X0_GetADCGainOffset)
    BQ769X0_Initialize                       0x08002cf1   Thumb Code   222  drv_softi2c_bq769x0.o(i.BQ769X0_Initialize)
    BQ769X0_LoadDetect                       0x08002e15   Thumb Code    40  drv_softi2c_bq769x0.o(i.BQ769X0_LoadDetect)
    BQ769X0_UpadteBatVolt                    0x080032a1   Thumb Code   124  drv_softi2c_bq769x0.o(i.BQ769X0_UpadteBatVolt)
    BQ769X0_UpdateCellVolt                   0x08003361   Thumb Code   134  drv_softi2c_bq769x0.o(i.BQ769X0_UpdateCellVolt)
    BQ769X0_UpdateCurrent                    0x08003429   Thumb Code   134  drv_softi2c_bq769x0.o(i.BQ769X0_UpdateCurrent)
    BQ769X0_UpdateTsTemp                     0x080034f5   Thumb Code   174  drv_softi2c_bq769x0.o(i.BQ769X0_UpdateTsTemp)
    BQ769X0_Wakeup                           0x080035e5   Thumb Code    50  drv_softi2c_bq769x0.o(i.BQ769X0_Wakeup)
    Bms_HalMonitorBatteryCurrent             0x080037e9   Thumb Code    16  bms_hal_monitor.o(i.Bms_HalMonitorBatteryCurrent)
    Bms_HalMonitorBatteryVoltage             0x08003801   Thumb Code    16  bms_hal_monitor.o(i.Bms_HalMonitorBatteryVoltage)
    Bms_HalMonitorCellTemperature            0x08003819   Thumb Code    82  bms_hal_monitor.o(i.Bms_HalMonitorCellTemperature)
    Bms_HalMonitorCellVoltage                0x08003881   Thumb Code    72  bms_hal_monitor.o(i.Bms_HalMonitorCellVoltage)
    Bms_HalMonitorLoadDetect                 0x080038d9   Thumb Code     8  bms_hal_monitor.o(i.Bms_HalMonitorLoadDetect)
    BubbleFloat                              0x080038e1   Thumb Code    70  bms_utils.o(i.BubbleFloat)
    BubbleSort                               0x08003927   Thumb Code    82  bms_utils.o(i.BubbleSort)
    BusFault_Handler                         0x08003979   Thumb Code     4  stm32f1xx_it.o(i.BusFault_Handler)
    CAN1_RX1_IRQHandler                      0x0800397d   Thumb Code    10  stm32f1xx_it.o(i.CAN1_RX1_IRQHandler)
    DebugMon_Handler                         0x080039d1   Thumb Code     2  stm32f1xx_it.o(i.DebugMon_Handler)
    EXTI15_10_IRQHandler                     0x080039d3   Thumb Code    12  stm32f1xx_it.o(i.EXTI15_10_IRQHandler)
    Error_Handler                            0x080039df   Thumb Code     6  main.o(i.Error_Handler)
    HAL_CAN_ErrorCallback                    0x080039f3   Thumb Code     2  stm32f1xx_hal_can.o(i.HAL_CAN_ErrorCallback)
    HAL_CAN_GetRxMessage                     0x080039f5   Thumb Code   378  stm32f1xx_hal_can.o(i.HAL_CAN_GetRxMessage)
    HAL_CAN_IRQHandler                       0x08003b6f   Thumb Code   590  stm32f1xx_hal_can.o(i.HAL_CAN_IRQHandler)
    HAL_CAN_Init                             0x08003dbd   Thumb Code   372  stm32f1xx_hal_can.o(i.HAL_CAN_Init)
    HAL_CAN_MspInit                          0x08003f31   Thumb Code   154  can.o(i.HAL_CAN_MspInit)
    HAL_CAN_RxFifo0FullCallback              0x08003fd9   Thumb Code     2  stm32f1xx_hal_can.o(i.HAL_CAN_RxFifo0FullCallback)
    HAL_CAN_RxFifo0MsgPendingCallback        0x08003fdd   Thumb Code    52  drv_can.o(i.HAL_CAN_RxFifo0MsgPendingCallback)
    HAL_CAN_RxFifo1FullCallback              0x08004039   Thumb Code     2  stm32f1xx_hal_can.o(i.HAL_CAN_RxFifo1FullCallback)
    HAL_CAN_RxFifo1MsgPendingCallback        0x0800403b   Thumb Code     2  stm32f1xx_hal_can.o(i.HAL_CAN_RxFifo1MsgPendingCallback)
    HAL_CAN_SleepCallback                    0x0800403d   Thumb Code     2  stm32f1xx_hal_can.o(i.HAL_CAN_SleepCallback)
    HAL_CAN_TxMailbox0AbortCallback          0x0800403f   Thumb Code     2  stm32f1xx_hal_can.o(i.HAL_CAN_TxMailbox0AbortCallback)
    HAL_CAN_TxMailbox0CompleteCallback       0x08004041   Thumb Code     2  stm32f1xx_hal_can.o(i.HAL_CAN_TxMailbox0CompleteCallback)
    HAL_CAN_TxMailbox1AbortCallback          0x08004043   Thumb Code     2  stm32f1xx_hal_can.o(i.HAL_CAN_TxMailbox1AbortCallback)
    HAL_CAN_TxMailbox1CompleteCallback       0x08004045   Thumb Code     2  stm32f1xx_hal_can.o(i.HAL_CAN_TxMailbox1CompleteCallback)
    HAL_CAN_TxMailbox2AbortCallback          0x08004047   Thumb Code     2  stm32f1xx_hal_can.o(i.HAL_CAN_TxMailbox2AbortCallback)
    HAL_CAN_TxMailbox2CompleteCallback       0x08004049   Thumb Code     2  stm32f1xx_hal_can.o(i.HAL_CAN_TxMailbox2CompleteCallback)
    HAL_CAN_WakeUpFromRxMsgCallback          0x0800404b   Thumb Code     2  stm32f1xx_hal_can.o(i.HAL_CAN_WakeUpFromRxMsgCallback)
    HAL_DMA_Abort                            0x0800404d   Thumb Code    86  stm32f1xx_hal_dma.o(i.HAL_DMA_Abort)
    HAL_DMA_Abort_IT                         0x080040a5   Thumb Code   172  stm32f1xx_hal_dma.o(i.HAL_DMA_Abort_IT)
    HAL_GPIO_EXTI_Callback                   0x08004155   Thumb Code    16  drv_softi2c_bq769x0.o(i.HAL_GPIO_EXTI_Callback)
    HAL_GPIO_EXTI_IRQHandler                 0x08004165   Thumb Code    24  stm32f1xx_hal_gpio.o(i.HAL_GPIO_EXTI_IRQHandler)
    HAL_GPIO_Init                            0x08004181   Thumb Code   766  stm32f1xx_hal_gpio.o(i.HAL_GPIO_Init)
    HAL_GPIO_ReadPin                         0x080044a1   Thumb Code    16  stm32f1xx_hal_gpio.o(i.HAL_GPIO_ReadPin)
    HAL_GPIO_TogglePin                       0x080044b1   Thumb Code    20  stm32f1xx_hal_gpio.o(i.HAL_GPIO_TogglePin)
    HAL_GPIO_WritePin                        0x080044c5   Thumb Code    12  stm32f1xx_hal_gpio.o(i.HAL_GPIO_WritePin)
    HAL_GetTick                              0x080044d1   Thumb Code     6  stm32f1xx_hal.o(i.HAL_GetTick)
    HAL_IncTick                              0x080044dd   Thumb Code    16  stm32f1xx_hal.o(i.HAL_IncTick)
    HAL_Init                                 0x080044f5   Thumb Code    34  stm32f1xx_hal.o(i.HAL_Init)
    HAL_InitTick                             0x0800451d   Thumb Code    64  stm32f1xx_hal.o(i.HAL_InitTick)
    HAL_MspInit                              0x08004569   Thumb Code    82  stm32f1xx_hal_msp.o(i.HAL_MspInit)
    HAL_NVIC_EnableIRQ                       0x080045c5   Thumb Code    32  stm32f1xx_hal_cortex.o(i.HAL_NVIC_EnableIRQ)
    HAL_NVIC_SetPriority                     0x080045e5   Thumb Code   124  stm32f1xx_hal_cortex.o(i.HAL_NVIC_SetPriority)
    HAL_NVIC_SetPriorityGrouping             0x08004661   Thumb Code    32  stm32f1xx_hal_cortex.o(i.HAL_NVIC_SetPriorityGrouping)
    HAL_RCC_ClockConfig                      0x08004689   Thumb Code   376  stm32f1xx_hal_rcc.o(i.HAL_RCC_ClockConfig)
    HAL_RCC_GetHCLKFreq                      0x08004815   Thumb Code     6  stm32f1xx_hal_rcc.o(i.HAL_RCC_GetHCLKFreq)
    HAL_RCC_GetPCLK1Freq                     0x08004821   Thumb Code    22  stm32f1xx_hal_rcc.o(i.HAL_RCC_GetPCLK1Freq)
    HAL_RCC_GetPCLK2Freq                     0x08004841   Thumb Code    22  stm32f1xx_hal_rcc.o(i.HAL_RCC_GetPCLK2Freq)
    HAL_RCC_GetSysClockFreq                  0x08004861   Thumb Code   116  stm32f1xx_hal_rcc.o(i.HAL_RCC_GetSysClockFreq)
    HAL_RCC_OscConfig                        0x080048f5   Thumb Code  1114  stm32f1xx_hal_rcc.o(i.HAL_RCC_OscConfig)
    HAL_SYSTICK_Config                       0x08004d59   Thumb Code    52  stm32f1xx_hal_cortex.o(i.HAL_SYSTICK_Config)
    HAL_UARTEx_RxEventCallback               0x08004d8d   Thumb Code     2  stm32f1xx_hal_uart.o(i.HAL_UARTEx_RxEventCallback)
    HAL_UART_ErrorCallback                   0x08004d8f   Thumb Code     2  stm32f1xx_hal_uart.o(i.HAL_UART_ErrorCallback)
    HAL_UART_IRQHandler                      0x08004d91   Thumb Code   582  stm32f1xx_hal_uart.o(i.HAL_UART_IRQHandler)
    HAL_UART_Init                            0x08004fdd   Thumb Code   114  stm32f1xx_hal_uart.o(i.HAL_UART_Init)
    HAL_UART_MspInit                         0x08005051   Thumb Code   240  usart.o(i.HAL_UART_MspInit)
    HAL_UART_Receive_IT                      0x08005151   Thumb Code    66  stm32f1xx_hal_uart.o(i.HAL_UART_Receive_IT)
    HAL_UART_RxCpltCallback                  0x08005195   Thumb Code    36  drv_rs485.o(i.HAL_UART_RxCpltCallback)
    HAL_UART_Transmit                        0x080051d5   Thumb Code   210  stm32f1xx_hal_uart.o(i.HAL_UART_Transmit)
    HAL_UART_Transmit_IT                     0x080052a7   Thumb Code    88  stm32f1xx_hal_uart.o(i.HAL_UART_Transmit_IT)
    HAL_UART_TxCpltCallback                  0x08005301   Thumb Code    36  drv_rs485.o(i.HAL_UART_TxCpltCallback)
    I2C_BusInitialize                        0x08005491   Thumb Code    12  drv_soft_i2c.o(i.I2C_BusInitialize)
    I2C_TransferMessages                     0x08005677   Thumb Code   182  drv_soft_i2c.o(i.I2C_TransferMessages)
    MX_CAN_Init                              0x080057ad   Thumb Code    62  can.o(i.MX_CAN_Init)
    MX_GPIO_Init                             0x080057f5   Thumb Code   286  gpio.o(i.MX_GPIO_Init)
    MX_USART1_UART_Init                      0x08005925   Thumb Code    46  usart.o(i.MX_USART1_UART_Init)
    MX_USART2_UART_Init                      0x0800595d   Thumb Code    46  usart.o(i.MX_USART2_UART_Init)
    MemManage_Handler                        0x08005995   Thumb Code     4  stm32f1xx_it.o(i.MemManage_Handler)
    NMI_Handler                              0x08005999   Thumb Code     4  stm32f1xx_it.o(i.NMI_Handler)
    RS485_TransmitState                      0x080059c5   Thumb Code    16  drv_rs485.o(i.RS485_TransmitState)
    SysTick_Handler                          0x08005a53   Thumb Code    22  board_1.o(i.SysTick_Handler)
    SystemClock_Config                       0x08005a69   Thumb Code   102  main.o(i.SystemClock_Config)
    SystemCoreClockUpdate                    0x08005ad1   Thumb Code   142  system_stm32f1xx.o(i.SystemCoreClockUpdate)
    SystemInit                               0x08005b75   Thumb Code     2  system_stm32f1xx.o(i.SystemInit)
    UART_Start_Receive_IT                    0x08005f09   Thumb Code    70  stm32f1xx_hal_uart.o(i.UART_Start_Receive_IT)
    USART2_IRQHandler                        0x0800601d   Thumb Code    10  stm32f1xx_it.o(i.USART2_IRQHandler)
    USB_LP_CAN1_RX0_IRQHandler               0x0800602d   Thumb Code    10  stm32f1xx_it.o(i.USB_LP_CAN1_RX0_IRQHandler)
    UsageFault_Handler                       0x0800603d   Thumb Code     4  stm32f1xx_it.o(i.UsageFault_Handler)
    __0sprintf                               0x08006041   Thumb Code    34  printfa.o(i.__0sprintf)
    __1sprintf                               0x08006041   Thumb Code     0  printfa.o(i.__0sprintf)
    __2sprintf                               0x08006041   Thumb Code     0  printfa.o(i.__0sprintf)
    __c89sprintf                             0x08006041   Thumb Code     0  printfa.o(i.__0sprintf)
    sprintf                                  0x08006041   Thumb Code     0  printfa.o(i.__0sprintf)
    __rt_ffs                                 0x080060a1   Thumb Code    66  kservice.o(i.__rt_ffs)
    __scatterload_copy                       0x080060e9   Thumb Code    14  handlers.o(i.__scatterload_copy)
    __scatterload_null                       0x080060f7   Thumb Code     2  handlers.o(i.__scatterload_null)
    __scatterload_zeroinit                   0x080060f9   Thumb Code    14  handlers.o(i.__scatterload_zeroinit)
    cmd_free                                 0x08006bc9   Thumb Code    10  msh.o(i.cmd_free)
    cmd_ps                                   0x08006bd3   Thumb Code    10  msh.o(i.cmd_ps)
    finsh_get_prompt                         0x08006c19   Thumb Code    84  shell.o(i.finsh_get_prompt)
    finsh_set_prompt_mode                    0x08006c8d   Thumb Code    18  shell.o(i.finsh_set_prompt_mode)
    finsh_system_function_init               0x08006ca5   Thumb Code     8  shell.o(i.finsh_system_function_init)
    finsh_system_init                        0x08006cb1   Thumb Code    96  shell.o(i.finsh_system_init)
    finsh_thread_entry                       0x08006d49   Thumb Code   640  shell.o(i.finsh_thread_entry)
    hello                                    0x0800706d   Thumb Code    12  cmd.o(i.hello)
    list                                     0x0800708d   Thumb Code    54  cmd.o(i.list)
    list_mem                                 0x08007191   Thumb Code    32  mem.o(i.list_mem)
    list_mutex                               0x080071fd   Thumb Code   190  cmd.o(i.list_mutex)
    list_sem                                 0x08007325   Thumb Code   246  cmd.o(i.list_sem)
    list_thread                              0x08007481   Thumb Code   288  cmd.o(i.list_thread)
    list_timer                               0x08007661   Thumb Code   184  cmd.o(i.list_timer)
    $Super$$main                             0x080077bd   Thumb Code    48  main.o(i.main)
    main_thread_entry                        0x080077f1   Thumb Code    14  components.o(i.main_thread_entry)
    msh_auto_complete                        0x080078e5   Thumb Code   148  msh.o(i.msh_auto_complete)
    msh_exec                                 0x0800798d   Thumb Code    76  msh.o(i.msh_exec)
    msh_help                                 0x08007a4d   Thumb Code    62  msh.o(i.msh_help)
    msh_is_used                              0x08007ac9   Thumb Code     4  msh.o(i.msh_is_used)
    right_bound                              0x08007d7d   Thumb Code    82  bms_utils.o(i.right_bound)
    rt_application_init                      0x08007dd1   Thumb Code    36  components.o(i.rt_application_init)
    rt_calloc                                0x08007e01   Thumb Code    28  mem.o(i.rt_calloc)
    rt_components_board_init                 0x08007e1d   Thumb Code    22  components.o(i.rt_components_board_init)
    rt_components_init                       0x08007e3d   Thumb Code    22  components.o(i.rt_components_init)
    rt_enter_critical                        0x08007e5d   Thumb Code    22  scheduler.o(i.rt_enter_critical)
    rt_exit_critical                         0x08007e79   Thumb Code    52  scheduler.o(i.rt_exit_critical)
    rt_free                                  0x08007eb1   Thumb Code   114  mem.o(i.rt_free)
    rt_heap_begin_get                        0x08007f79   Thumb Code     4  board_1.o(i.rt_heap_begin_get)
    rt_heap_end_get                          0x08007f81   Thumb Code     4  board_1.o(i.rt_heap_end_get)
    rt_hw_board_init                         0x08007f89   Thumb Code    54  board_1.o(i.rt_hw_board_init)
    rt_hw_console_getchar                    0x08007fc1   Thumb Code    34  board_1.o(i.rt_hw_console_getchar)
    rt_hw_console_output                     0x08007fe9   Thumb Code    68  board_1.o(i.rt_hw_console_output)
    rt_hw_hard_fault_exception               0x08008031   Thumb Code   190  cpuport.o(i.rt_hw_hard_fault_exception)
    rt_hw_stack_init                         0x08008231   Thumb Code    60  cpuport.o(i.rt_hw_stack_init)
    rt_interrupt_enter                       0x08008271   Thumb Code    22  irq.o(i.rt_interrupt_enter)
    rt_interrupt_leave                       0x0800828d   Thumb Code    22  irq.o(i.rt_interrupt_leave)
    rt_kprintf                               0x080082a9   Thumb Code    30  kservice.o(i.rt_kprintf)
    rt_malloc                                0x080082cd   Thumb Code   264  mem.o(i.rt_malloc)
    rt_memmove                               0x080083dd   Thumb Code    54  kservice.o(i.rt_memmove)
    rt_memset                                0x08008413   Thumb Code    86  kservice.o(i.rt_memset)
    rt_object_allocate                       0x08008469   Thumb Code    90  object.o(i.rt_object_allocate)
    rt_object_delete                         0x080084c3   Thumb Code    46  object.o(i.rt_object_delete)
    rt_object_detach                         0x080084f1   Thumb Code    44  object.o(i.rt_object_detach)
    rt_object_get_information                0x0800851d   Thumb Code    30  object.o(i.rt_object_get_information)
    rt_object_init                           0x08008541   Thumb Code    90  object.o(i.rt_object_init)
    rt_object_is_systemobject                0x0800859b   Thumb Code    16  object.o(i.rt_object_is_systemobject)
    rt_schedule                              0x080085ad   Thumb Code    88  scheduler.o(i.rt_schedule)
    rt_schedule_insert_thread                0x08008611   Thumb Code    72  scheduler.o(i.rt_schedule_insert_thread)
    rt_schedule_remove_thread                0x08008661   Thumb Code    76  scheduler.o(i.rt_schedule_remove_thread)
    rt_sem_create                            0x080086b5   Thumb Code    32  ipc.o(i.rt_sem_create)
    rt_sem_init                              0x080086d5   Thumb Code    34  ipc.o(i.rt_sem_init)
    rt_sem_release                           0x080086f7   Thumb Code    88  ipc.o(i.rt_sem_release)
    rt_sem_take                              0x0800874f   Thumb Code   214  ipc.o(i.rt_sem_take)
    rt_show_version                          0x08008825   Thumb Code    40  kservice.o(i.rt_show_version)
    rt_strlen                                0x080088d5   Thumb Code    16  kservice.o(i.rt_strlen)
    rt_strncpy                               0x080088e5   Thumb Code    42  kservice.o(i.rt_strncpy)
    rt_system_heap_init                      0x08008911   Thumb Code   100  mem.o(i.rt_system_heap_init)
    rt_system_scheduler_init                 0x080089c1   Thumb Code    48  scheduler.o(i.rt_system_scheduler_init)
    rt_system_scheduler_start                0x080089fd   Thumb Code    32  scheduler.o(i.rt_system_scheduler_start)
    rt_system_timer_init                     0x08008a25   Thumb Code    20  timer.o(i.rt_system_timer_init)
    rt_system_timer_thread_init              0x08008a3d   Thumb Code     2  timer.o(i.rt_system_timer_thread_init)
    rt_thread_create                         0x08008a3f   Thumb Code    90  thread.o(i.rt_thread_create)
    rt_thread_exit                           0x08008a99   Thumb Code    88  thread.o(i.rt_thread_exit)
    rt_thread_idle_excute                    0x08008b01   Thumb Code    80  idle.o(i.rt_thread_idle_excute)
    rt_thread_idle_init                      0x08008b55   Thumb Code    44  idle.o(i.rt_thread_idle_init)
    rt_thread_init                           0x08008b95   Thumb Code    50  thread.o(i.rt_thread_init)
    rt_thread_mdelay                         0x08008bc7   Thumb Code    14  thread.o(i.rt_thread_mdelay)
    rt_thread_resume                         0x08008bd5   Thumb Code    72  thread.o(i.rt_thread_resume)
    rt_thread_self                           0x08008c1d   Thumb Code     6  thread.o(i.rt_thread_self)
    rt_thread_sleep                          0x08008c29   Thumb Code    64  thread.o(i.rt_thread_sleep)
    rt_thread_startup                        0x08008c6d   Thumb Code    42  thread.o(i.rt_thread_startup)
    rt_thread_suspend                        0x08008c97   Thumb Code    68  thread.o(i.rt_thread_suspend)
    rt_thread_timeout                        0x08008cdb   Thumb Code    40  thread.o(i.rt_thread_timeout)
    rt_thread_yield                          0x08008d05   Thumb Code    98  thread.o(i.rt_thread_yield)
    rt_tick_from_millisecond                 0x08008d71   Thumb Code    50  clock.o(i.rt_tick_from_millisecond)
    rt_tick_get                              0x08008da5   Thumb Code     6  clock.o(i.rt_tick_get)
    rt_tick_increase                         0x08008db1   Thumb Code    38  clock.o(i.rt_tick_increase)
    rt_timer_check                           0x08008ddd   Thumb Code   240  timer.o(i.rt_timer_check)
    rt_timer_control                         0x08008ed1   Thumb Code    84  timer.o(i.rt_timer_control)
    rt_timer_create                          0x08008f25   Thumb Code    50  timer.o(i.rt_timer_create)
    rt_timer_detach                          0x08008f57   Thumb Code    70  timer.o(i.rt_timer_detach)
    rt_timer_init                            0x08008f9d   Thumb Code    42  timer.o(i.rt_timer_init)
    rt_timer_start                           0x08008fc9   Thumb Code   198  timer.o(i.rt_timer_start)
    rt_timer_stop                            0x08009099   Thumb Code    82  timer.o(i.rt_timer_stop)
    rt_vsnprintf                             0x080090ed   Thumb Code   802  kservice.o(i.rt_vsnprintf)
    rtthread_startup                         0x08009429   Thumb Code    42  components.o(i.rtthread_startup)
    swap                                     0x080094db   Thumb Code    26  bms_utils.o(i.swap)
    version                                  0x08009605   Thumb Code    10  cmd.o(i.version)
    AHBPrescTable                            0x0800960e   Data          16  system_stm32f1xx.o(.constdata)
    APBPrescTable                            0x0800961e   Data           8  system_stm32f1xx.o(.constdata)
    __lowest_bit_bitmap                      0x08009664   Data         256  kservice.o(.constdata)
    __fsym___cmd_BMS_CmdOpenDSG_name         0x08009858   Data          21  bms_msh_commond.o(.rodata.name)
    __fsym___cmd_BMS_CmdOpenDSG_desc         0x0800986d   Data           9  bms_msh_commond.o(.rodata.name)
    __fsym___cmd_BMS_CmdCloseDSG_name        0x08009876   Data          22  bms_msh_commond.o(.rodata.name)
    __fsym___cmd_BMS_CmdCloseDSG_desc        0x0800988c   Data          10  bms_msh_commond.o(.rodata.name)
    __fsym___cmd_BMS_CmdOpenCHG_name         0x08009896   Data          21  bms_msh_commond.o(.rodata.name)
    __fsym___cmd_BMS_CmdOpenCHG_desc         0x080098ab   Data           9  bms_msh_commond.o(.rodata.name)
    __fsym___cmd_BMS_CmdCloseCHG_name        0x080098b4   Data          22  bms_msh_commond.o(.rodata.name)
    __fsym___cmd_BMS_CmdCloseCHG_desc        0x080098ca   Data          10  bms_msh_commond.o(.rodata.name)
    __fsym___cmd_BMS_CmdOpenBalance_name     0x080098d4   Data          25  bms_msh_commond.o(.rodata.name)
    __fsym___cmd_BMS_CmdOpenBalance_desc     0x080098ed   Data          13  bms_msh_commond.o(.rodata.name)
    __fsym___cmd_BMS_CmdCloseBalance_name    0x080098fa   Data          26  bms_msh_commond.o(.rodata.name)
    __fsym___cmd_BMS_CmdCloseBalance_desc    0x08009914   Data          14  bms_msh_commond.o(.rodata.name)
    __fsym___cmd_BMS_CmdLoadDetect_name      0x08009922   Data          24  bms_msh_commond.o(.rodata.name)
    __fsym___cmd_BMS_CmdLoadDetect_desc      0x0800993a   Data          12  bms_msh_commond.o(.rodata.name)
    __fsym_list_mem_name                     0x08009946   Data           9  mem.o(.rodata.name)
    __fsym_list_mem_desc                     0x0800994f   Data          30  mem.o(.rodata.name)
    __fsym_hello_name                        0x0800996d   Data           6  cmd.o(.rodata.name)
    __fsym_hello_desc                        0x08009973   Data          16  cmd.o(.rodata.name)
    __fsym_version_name                      0x08009983   Data           8  cmd.o(.rodata.name)
    __fsym_version_desc                      0x0800998b   Data          35  cmd.o(.rodata.name)
    __fsym___cmd_version_name                0x080099ae   Data          14  cmd.o(.rodata.name)
    __fsym___cmd_version_desc                0x080099bc   Data          35  cmd.o(.rodata.name)
    __fsym_list_thread_name                  0x080099df   Data          12  cmd.o(.rodata.name)
    __fsym_list_thread_desc                  0x080099eb   Data          12  cmd.o(.rodata.name)
    __fsym___cmd_list_thread_name            0x080099f7   Data          18  cmd.o(.rodata.name)
    __fsym___cmd_list_thread_desc            0x08009a09   Data          12  cmd.o(.rodata.name)
    __fsym_list_sem_name                     0x08009a15   Data           9  cmd.o(.rodata.name)
    __fsym_list_sem_desc                     0x08009a1e   Data          25  cmd.o(.rodata.name)
    __fsym___cmd_list_sem_name               0x08009a37   Data          15  cmd.o(.rodata.name)
    __fsym___cmd_list_sem_desc               0x08009a46   Data          25  cmd.o(.rodata.name)
    __fsym_list_mutex_name                   0x08009a5f   Data          11  cmd.o(.rodata.name)
    __fsym_list_mutex_desc                   0x08009a6a   Data          21  cmd.o(.rodata.name)
    __fsym___cmd_list_mutex_name             0x08009a7f   Data          17  cmd.o(.rodata.name)
    __fsym___cmd_list_mutex_desc             0x08009a90   Data          21  cmd.o(.rodata.name)
    __fsym_list_timer_name                   0x08009aa5   Data          11  cmd.o(.rodata.name)
    __fsym_list_timer_desc                   0x08009ab0   Data          21  cmd.o(.rodata.name)
    __fsym___cmd_list_timer_name             0x08009ac5   Data          17  cmd.o(.rodata.name)
    __fsym___cmd_list_timer_desc             0x08009ad6   Data          21  cmd.o(.rodata.name)
    __fsym_list_name                         0x08009aeb   Data           5  cmd.o(.rodata.name)
    __fsym_list_desc                         0x08009af0   Data          26  cmd.o(.rodata.name)
    __fsym___cmd_help_name                   0x08009b0a   Data          11  msh.o(.rodata.name)
    __fsym___cmd_help_desc                   0x08009b15   Data          22  msh.o(.rodata.name)
    __fsym___cmd_ps_name                     0x08009b2b   Data           9  msh.o(.rodata.name)
    __fsym___cmd_ps_desc                     0x08009b34   Data          28  msh.o(.rodata.name)
    __fsym___cmd_free_name                   0x08009b50   Data          11  msh.o(.rodata.name)
    __fsym___cmd_free_desc                   0x08009b5b   Data          37  msh.o(.rodata.name)
    __rt_init_rti_start                      0x08009b80   Data           4  components.o(.rti_fn.0)
    __rt_init_rti_board_start                0x08009b84   Data           4  components.o(.rti_fn.0.end)
    __rt_init_uart_init                      0x08009b88   Data           4  board_1.o(.rti_fn.1)
    __rt_init_rti_board_end                  0x08009b8c   Data           4  components.o(.rti_fn.1.end)
    __rt_init_finsh_system_init              0x08009b90   Data           4  shell.o(.rti_fn.6)
    __rt_init_rti_end                        0x08009b94   Data           4  components.o(.rti_fn.6.end)
    FSymTab$$Base                            0x08009b98   Number         0  bms_msh_commond.o(FSymTab)
    __fsym___cmd_BMS_CmdOpenDSG              0x08009b98   Data          12  bms_msh_commond.o(FSymTab)
    __fsym___cmd_BMS_CmdCloseDSG             0x08009ba4   Data          12  bms_msh_commond.o(FSymTab)
    __fsym___cmd_BMS_CmdOpenCHG              0x08009bb0   Data          12  bms_msh_commond.o(FSymTab)
    __fsym___cmd_BMS_CmdCloseCHG             0x08009bbc   Data          12  bms_msh_commond.o(FSymTab)
    __fsym___cmd_BMS_CmdOpenBalance          0x08009bc8   Data          12  bms_msh_commond.o(FSymTab)
    __fsym___cmd_BMS_CmdCloseBalance         0x08009bd4   Data          12  bms_msh_commond.o(FSymTab)
    __fsym___cmd_BMS_CmdLoadDetect           0x08009be0   Data          12  bms_msh_commond.o(FSymTab)
    __fsym_list_mem                          0x08009bec   Data          12  mem.o(FSymTab)
    __fsym_hello                             0x08009bf8   Data          12  cmd.o(FSymTab)
    __fsym_version                           0x08009c04   Data          12  cmd.o(FSymTab)
    __fsym___cmd_version                     0x08009c10   Data          12  cmd.o(FSymTab)
    __fsym_list_thread                       0x08009c1c   Data          12  cmd.o(FSymTab)
    __fsym___cmd_list_thread                 0x08009c28   Data          12  cmd.o(FSymTab)
    __fsym_list_sem                          0x08009c34   Data          12  cmd.o(FSymTab)
    __fsym___cmd_list_sem                    0x08009c40   Data          12  cmd.o(FSymTab)
    __fsym_list_mutex                        0x08009c4c   Data          12  cmd.o(FSymTab)
    __fsym___cmd_list_mutex                  0x08009c58   Data          12  cmd.o(FSymTab)
    __fsym_list_timer                        0x08009c64   Data          12  cmd.o(FSymTab)
    __fsym___cmd_list_timer                  0x08009c70   Data          12  cmd.o(FSymTab)
    __fsym_list                              0x08009c7c   Data          12  cmd.o(FSymTab)
    __fsym___cmd_help                        0x08009c88   Data          12  msh.o(FSymTab)
    __fsym___cmd_ps                          0x08009c94   Data          12  msh.o(FSymTab)
    __fsym___cmd_free                        0x08009ca0   Data          12  msh.o(FSymTab)
    FSymTab$$Limit                           0x08009cac   Number         0  msh.o(FSymTab)
    Region$$Table$$Base                      0x08009cac   Number         0  anon$$obj.o(Region$$Table)
    Region$$Table$$Limit                     0x08009ccc   Number         0  anon$$obj.o(Region$$Table)
    uwTick                                   0x20000000   Data           4  stm32f1xx_hal.o(.data)
    uwTickPrio                               0x20000004   Data           4  stm32f1xx_hal.o(.data)
    uwTickFreq                               0x20000008   Data           1  stm32f1xx_hal.o(.data)
    SystemCoreClock                          0x2000000c   Data           4  system_stm32f1xx.o(.data)
    BMS_ProtectAlert                         0x20000024   Data           2  bms_protect.o(.data)
    BMS_ProtectParam                         0x20000028   Data          68  bms_protect.o(.data)
    BMS_AnalysisData                         0x20000078   Data          48  bms_analysis.o(.data)
    SocOcvTab                                0x200000a8   Data         202  bms_analysis.o(.data)
    BMS_EnergyData                           0x20000174   Data          32  bms_energy.o(.data)
    BalanceSem                               0x20000194   Data           4  bms_energy.o(.data)
    BMS_GlobalParam                          0x200001a6   Data           6  bms_global.o(.data)
    i2c1                                     0x200001b0   Data          32  drv_soft_i2c.o(.data)
    rc                                       0x200001e3   Data           1  drv_rs485.o(.data)
    rt_interrupt_nest                        0x200001e8   Data           1  irq.o(.data)
    rt_current_priority                      0x20000244   Data           1  scheduler.o(.data)
    rt_current_thread                        0x20000248   Data           4  scheduler.o(.data)
    rt_thread_ready_priority_group           0x2000024c   Data           4  scheduler.o(.data)
    rt_thread_defunct                        0x20000250   Data           8  scheduler.o(.data)
    rt_interrupt_from_thread                 0x20000268   Data           4  cpuport.o(.data)
    rt_interrupt_to_thread                   0x2000026c   Data           4  cpuport.o(.data)
    rt_thread_switch_interrupt_flag          0x20000270   Data           4  cpuport.o(.data)
    _syscall_table_begin                     0x20000274   Data           4  shell.o(.data)
    _syscall_table_end                       0x20000278   Data           4  shell.o(.data)
    _sysvar_table_begin                      0x2000027c   Data           4  shell.o(.data)
    _sysvar_table_end                        0x20000280   Data           4  shell.o(.data)
    shell                                    0x20000288   Data           4  shell.o(.data)
    hcan                                     0x2000028c   Data          40  can.o(.bss)
    huart1                                   0x200002b4   Data          68  usart.o(.bss)
    huart2                                   0x200002f8   Data          68  usart.o(.bss)
    BMS_MonitorData                          0x2000033c   Data          76  bms_monitor.o(.bss)
    BQ769X0_SampleData                       0x200003dc   Data          36  drv_softi2c_bq769x0.o(.bss)
    rt_thread_priority_table                 0x20000618   Data         256  scheduler.o(.bss)
    __initial_sp                             0x200033e0   Data           0  startup_stm32f103xb.o(STACK)



==============================================================================

Memory Map of the image

  Image Entry point : 0x080000ed

  Load Region LR_IROM1 (Base: 0x08000000, Size: 0x00009f58, Max: 0x00010000, ABSOLUTE, COMPRESSED[0x00009e44])

    Execution Region ER_IROM1 (Exec base: 0x08000000, Load base: 0x08000000, Size: 0x00009ccc, Max: 0x00010000, ABSOLUTE)

    Exec Addr    Load Addr    Size         Type   Attr      Idx    E Section Name        Object

    0x08000000   0x08000000   0x000000ec   Data   RO            3    RESET               startup_stm32f103xb.o
    0x080000ec   0x080000ec   0x00000000   Code   RO         4670  * .ARM.Collect$$$$00000000  mc_w.l(entry.o)
    0x080000ec   0x080000ec   0x00000004   Code   RO         4988    .ARM.Collect$$$$00000001  mc_w.l(entry2.o)
    0x080000f0   0x080000f0   0x00000004   Code   RO         4991    .ARM.Collect$$$$00000004  mc_w.l(entry5.o)
    0x080000f4   0x080000f4   0x00000000   Code   RO         4993    .ARM.Collect$$$$00000008  mc_w.l(entry7b.o)
    0x080000f4   0x080000f4   0x00000000   Code   RO         4995    .ARM.Collect$$$$0000000A  mc_w.l(entry8b.o)
    0x080000f4   0x080000f4   0x00000008   Code   RO         4996    .ARM.Collect$$$$0000000B  mc_w.l(entry9a.o)
    0x080000fc   0x080000fc   0x00000000   Code   RO         4998    .ARM.Collect$$$$0000000D  mc_w.l(entry10a.o)
    0x080000fc   0x080000fc   0x00000000   Code   RO         5000    .ARM.Collect$$$$0000000F  mc_w.l(entry11a.o)
    0x080000fc   0x080000fc   0x00000004   Code   RO         4989    .ARM.Collect$$$$00002712  mc_w.l(entry2.o)
    0x08000100   0x08000100   0x00000024   Code   RO            4    .text               startup_stm32f103xb.o
    0x08000124   0x08000124   0x000000f4   Code   RO         3379    .text               context_rvds.o
    0x08000218   0x08000218   0x00000020   Code   RO         4673    .text               mc_w.l(llushr.o)
    0x08000238   0x08000238   0x00000024   Code   RO         4675    .text               mc_w.l(memcpya.o)
    0x0800025c   0x0800025c   0x00000024   Code   RO         4677    .text               mc_w.l(memseta.o)
    0x08000280   0x08000280   0x00000018   Code   RO         4679    .text               mc_w.l(strcat.o)
    0x08000298   0x08000298   0x00000018   Code   RO         4681    .text               mc_w.l(strncpy.o)
    0x080002b0   0x080002b0   0x0000000e   Code   RO         4683    .text               mc_w.l(strlen.o)
    0x080002be   0x080002be   0x0000001e   Code   RO         4687    .text               mc_w.l(strncmp.o)
    0x080002dc   0x080002dc   0x000000b0   Code   RO         4952    .text               mf_w.l(fadd.o)
    0x0800038c   0x0800038c   0x00000064   Code   RO         4954    .text               mf_w.l(fmul.o)
    0x080003f0   0x080003f0   0x0000007c   Code   RO         4956    .text               mf_w.l(fdiv.o)
    0x0800046c   0x0800046c   0x0000014e   Code   RO         4958    .text               mf_w.l(dadd.o)
    0x080005ba   0x080005ba   0x000000e4   Code   RO         4960    .text               mf_w.l(dmul.o)
    0x0800069e   0x0800069e   0x000000de   Code   RO         4962    .text               mf_w.l(ddiv.o)
    0x0800077c   0x0800077c   0x00000012   Code   RO         4964    .text               mf_w.l(fflti.o)
    0x0800078e   0x0800078e   0x0000000a   Code   RO         4966    .text               mf_w.l(ffltui.o)
    0x08000798   0x08000798   0x00000022   Code   RO         4968    .text               mf_w.l(dflti.o)
    0x080007ba   0x080007ba   0x0000001a   Code   RO         4970    .text               mf_w.l(dfltui.o)
    0x080007d4   0x080007d4   0x00000032   Code   RO         4972    .text               mf_w.l(ffixi.o)
    0x08000806   0x08000806   0x00000028   Code   RO         4974    .text               mf_w.l(ffixui.o)
    0x0800082e   0x0800082e   0x00000026   Code   RO         4976    .text               mf_w.l(f2d.o)
    0x08000854   0x08000854   0x00000030   Code   RO         4978    .text               mf_w.l(cdcmple.o)
    0x08000884   0x08000884   0x00000030   Code   RO         4980    .text               mf_w.l(cdrcmple.o)
    0x080008b4   0x080008b4   0x00000038   Code   RO         4982    .text               mf_w.l(d2f.o)
    0x080008ec   0x080008ec   0x00000014   Code   RO         4984    .text               mf_w.l(cfcmple.o)
    0x08000900   0x08000900   0x00000014   Code   RO         4986    .text               mf_w.l(cfrcmple.o)
    0x08000914   0x08000914   0x0000002c   Code   RO         5005    .text               mc_w.l(uidiv.o)
    0x08000940   0x08000940   0x00000062   Code   RO         5007    .text               mc_w.l(uldiv.o)
    0x080009a2   0x080009a2   0x0000001e   Code   RO         5009    .text               mc_w.l(llshl.o)
    0x080009c0   0x080009c0   0x00000024   Code   RO         5011    .text               mc_w.l(llsshr.o)
    0x080009e4   0x080009e4   0x00000000   Code   RO         5013    .text               mc_w.l(iusefp.o)
    0x080009e4   0x080009e4   0x0000006e   Code   RO         5014    .text               mf_w.l(fepilogue.o)
    0x08000a52   0x08000a52   0x000000ba   Code   RO         5016    .text               mf_w.l(depilogue.o)
    0x08000b0c   0x08000b0c   0x00000030   Code   RO         5018    .text               mf_w.l(dfixul.o)
    0x08000b3c   0x08000b3c   0x00000024   Code   RO         5020    .text               mc_w.l(init.o)
    0x08000b60   0x08000b60   0x00000056   Code   RO         5032    .text               mc_w.l(__dczerorl2.o)
    0x08000bb6   0x08000bb6   0x0000000a   Code   RO         3421    i.$Sub$$main        components.o
    0x08000bc0   0x08000bc0   0x00000120   Code   RO         2389    i.BMS_AnalysisAHSocCalculate  bms_analysis.o
    0x08000ce0   0x08000ce0   0x00000008   Code   RO         2390    i.BMS_AnalysisCalCap  bms_analysis.o
    0x08000ce8   0x08000ce8   0x00000074   Code   RO         2391    i.BMS_AnalysisCapAndSocInit  bms_analysis.o
    0x08000d5c   0x08000d5c   0x00000090   Code   RO         2392    i.BMS_AnalysisEasy  bms_analysis.o
    0x08000dec   0x08000dec   0x00000078   Code   RO         2393    i.BMS_AnalysisInit  bms_analysis.o
    0x08000e64   0x08000e64   0x00000070   Code   RO         2394    i.BMS_AnalysisOcvSocCalculate  bms_analysis.o
    0x08000ed4   0x08000ed4   0x0000007c   Code   RO         2395    i.BMS_AnalysisOcvToSoc  bms_analysis.o
    0x08000f50   0x08000f50   0x0000000c   Code   RO         2396    i.BMS_AnalysisSocCheck  bms_analysis.o
    0x08000f5c   0x08000f5c   0x0000001c   Code   RO         2397    i.BMS_AnalysisTaskEntry  bms_analysis.o
    0x08000f78   0x08000f78   0x00000100   Code   RO         2398    i.BMS_AnalysisTempCal  bms_analysis.o
    0x08001078   0x08001078   0x00000070   Code   RO         2462    i.BMS_BalanceStartTimer  bms_energy.o
    0x080010e8   0x080010e8   0x00000078   Code   RO         2463    i.BMS_BalanceTimerEntry  bms_energy.o
    0x08001160   0x08001160   0x0000014c   Code   RO         2512    i.BMS_BattLow       bms_info.o
    0x080012ac   0x080012ac   0x0000013c   Code   RO         2289    i.BMS_ChargeMonitor  bms_protect.o
    0x080013e8   0x080013e8   0x0000001c   Code   RO         2581    i.BMS_CmdCloseBalance  bms_msh_commond.o
    0x08001404   0x08001404   0x0000000c   Code   RO         2582    i.BMS_CmdCloseCHG   bms_msh_commond.o
    0x08001410   0x08001410   0x0000000c   Code   RO         2583    i.BMS_CmdCloseDSG   bms_msh_commond.o
    0x0800141c   0x0800141c   0x0000006c   Code   RO         2584    i.BMS_CmdLoadDetect  bms_msh_commond.o
    0x08001488   0x08001488   0x0000000c   Code   RO         2585    i.BMS_CmdOpenBalance  bms_msh_commond.o
    0x08001494   0x08001494   0x0000000c   Code   RO         2586    i.BMS_CmdOpenCHG    bms_msh_commond.o
    0x080014a0   0x080014a0   0x0000000c   Code   RO         2587    i.BMS_CmdOpenDSG    bms_msh_commond.o
    0x080014ac   0x080014ac   0x00000068   Code   RO         2555    i.BMS_CommInit      bms_comm.o
    0x08001514   0x08001514   0x0000000c   Code   RO         2556    i.BMS_CommTaskEntry  bms_comm.o
    0x08001520   0x08001520   0x000000c8   Code   RO         2290    i.BMS_DischargeMonitor  bms_protect.o
    0x080015e8   0x080015e8   0x000001d8   Code   RO         2464    i.BMS_EnergyBalanceManage  bms_energy.o
    0x080017c0   0x080017c0   0x000001c0   Code   RO         2465    i.BMS_EnergyChgDsgManage  bms_energy.o
    0x08001980   0x08001980   0x000000d8   Code   RO         2466    i.BMS_EnergyInit    bms_energy.o
    0x08001a58   0x08001a58   0x0000005c   Code   RO         2467    i.BMS_EnergyTaskEntry  bms_energy.o
    0x08001ab4   0x08001ab4   0x00000010   Code   RO         2734    i.BMS_HalCtrlCellsBalance  bms_hal_control.o
    0x08001ac4   0x08001ac4   0x0000000e   Code   RO         2735    i.BMS_HalCtrlCharge  bms_hal_control.o
    0x08001ad2   0x08001ad2   0x0000000e   Code   RO         2736    i.BMS_HalCtrlDischarge  bms_hal_control.o
    0x08001ae0   0x08001ae0   0x00000070   Code   RO         2513    i.BMS_InfoInit      bms_info.o
    0x08001b50   0x08001b50   0x0000043c   Code   RO         2514    i.BMS_InfoPrintf    bms_info.o
    0x08001f8c   0x08001f8c   0x00000010   Code   RO         2515    i.BMS_InfoTaskEntry  bms_info.o
    0x08001f9c   0x08001f9c   0x000000e0   Code   RO         2216    i.BMS_MonitorBattery  bms_monitor.o
    0x0800207c   0x0800207c   0x0000000c   Code   RO         2217    i.BMS_MonitorHwCurrent  bms_monitor.o
    0x08002088   0x08002088   0x00000070   Code   RO         2218    i.BMS_MonitorInit   bms_monitor.o
    0x080020f8   0x080020f8   0x00000204   Code   RO         2223    i.BMS_MonitorSysMode  bms_monitor.o
    0x080022fc   0x080022fc   0x00000012   Code   RO         2224    i.BMS_MonitorTaskEntry  bms_monitor.o
    0x0800230e   0x0800230e   0x00000002   PAD
    0x08002310   0x08002310   0x00000048   Code   RO         2291    i.BMS_ProtectHwDevice  bms_protect.o
    0x08002358   0x08002358   0x000000fc   Code   RO         2292    i.BMS_ProtectHwMonitor  bms_protect.o
    0x08002454   0x08002454   0x00000014   Code   RO         2293    i.BMS_ProtectHwOCD  bms_protect.o
    0x08002468   0x08002468   0x00000014   Code   RO         2294    i.BMS_ProtectHwOV   bms_protect.o
    0x0800247c   0x0800247c   0x00000044   Code   RO         2295    i.BMS_ProtectHwOvrd  bms_protect.o
    0x080024c0   0x080024c0   0x00000014   Code   RO         2296    i.BMS_ProtectHwSCD  bms_protect.o
    0x080024d4   0x080024d4   0x00000014   Code   RO         2297    i.BMS_ProtectHwUV   bms_protect.o
    0x080024e8   0x080024e8   0x000000c0   Code   RO         2298    i.BMS_ProtectInit   bms_protect.o
    0x080025a8   0x080025a8   0x000000a4   Code   RO         2299    i.BMS_ProtectRelieve  bms_protect.o
    0x0800264c   0x0800264c   0x000001a8   Code   RO         2300    i.BMS_ProtectRelieveWait  bms_protect.o
    0x080027f4   0x080027f4   0x00000070   Code   RO         2301    i.BMS_ProtectStartTimer  bms_protect.o
    0x08002864   0x08002864   0x00000034   Code   RO         2302    i.BMS_ProtectSwMonitor  bms_protect.o
    0x08002898   0x08002898   0x00000038   Code   RO         2303    i.BMS_ProtectTaskEntry  bms_protect.o
    0x080028d0   0x080028d0   0x00000054   Code   RO         2304    i.BMS_ProtectTimerEntry  bms_protect.o
    0x08002924   0x08002924   0x00000088   Code   RO         2127    i.BMS_SysInitialize  bms_app.o
    0x080029ac   0x080029ac   0x000000d4   Code   RO         3059    i.BQ769X0_AlertHandler  drv_softi2c_bq769x0.o
    0x08002a80   0x08002a80   0x00000074   Code   RO         3060    i.BQ769X0_CellBalanceControl  drv_softi2c_bq769x0.o
    0x08002af4   0x08002af4   0x000000ec   Code   RO         3061    i.BQ769X0_Configuration  drv_softi2c_bq769x0.o
    0x08002be0   0x08002be0   0x00000030   Code   RO         3062    i.BQ769X0_ControlDSGOrCHG  drv_softi2c_bq769x0.o
    0x08002c10   0x08002c10   0x0000001c   Code   RO         3063    i.BQ769X0_EntryShip  drv_softi2c_bq769x0.o
    0x08002c2c   0x08002c2c   0x000000c4   Code   RO         3064    i.BQ769X0_GetADCGainOffset  drv_softi2c_bq769x0.o
    0x08002cf0   0x08002cf0   0x00000124   Code   RO         3065    i.BQ769X0_Initialize  drv_softi2c_bq769x0.o
    0x08002e14   0x08002e14   0x0000002c   Code   RO         3066    i.BQ769X0_LoadDetect  drv_softi2c_bq769x0.o
    0x08002e40   0x08002e40   0x000001c8   Code   RO         3070    i.BQ769X0_ReadBlockWithCRC  drv_softi2c_bq769x0.o
    0x08003008   0x08003008   0x000000fc   Code   RO         3072    i.BQ769X0_ReadRegisterByteWithCRC  drv_softi2c_bq769x0.o
    0x08003104   0x08003104   0x00000158   Code   RO         3073    i.BQ769X0_ReadRegisterWordWithCRC  drv_softi2c_bq769x0.o
    0x0800325c   0x0800325c   0x00000020   Code   RO         3075    i.BQ769X0_TS1_SetInMode  drv_softi2c_bq769x0.o
    0x0800327c   0x0800327c   0x00000024   Code   RO         3076    i.BQ769X0_TS1_SetOutMode  drv_softi2c_bq769x0.o
    0x080032a0   0x080032a0   0x000000c0   Code   RO         3079    i.BQ769X0_UpadteBatVolt  drv_softi2c_bq769x0.o
    0x08003360   0x08003360   0x000000c8   Code   RO         3080    i.BQ769X0_UpdateCellVolt  drv_softi2c_bq769x0.o
    0x08003428   0x08003428   0x000000cc   Code   RO         3081    i.BQ769X0_UpdateCurrent  drv_softi2c_bq769x0.o
    0x080034f4   0x080034f4   0x000000f0   Code   RO         3083    i.BQ769X0_UpdateTsTemp  drv_softi2c_bq769x0.o
    0x080035e4   0x080035e4   0x00000038   Code   RO         3084    i.BQ769X0_Wakeup    drv_softi2c_bq769x0.o
    0x0800361c   0x0800361c   0x00000124   Code   RO         3085    i.BQ769X0_WriteBlockWithCRC  drv_softi2c_bq769x0.o
    0x08003740   0x08003740   0x000000a8   Code   RO         3087    i.BQ769X0_WriteRegisterByteWithCRC  drv_softi2c_bq769x0.o
    0x080037e8   0x080037e8   0x00000018   Code   RO         2849    i.Bms_HalMonitorBatteryCurrent  bms_hal_monitor.o
    0x08003800   0x08003800   0x00000018   Code   RO         2850    i.Bms_HalMonitorBatteryVoltage  bms_hal_monitor.o
    0x08003818   0x08003818   0x00000068   Code   RO         2851    i.Bms_HalMonitorCellTemperature  bms_hal_monitor.o
    0x08003880   0x08003880   0x00000058   Code   RO         2852    i.Bms_HalMonitorCellVoltage  bms_hal_monitor.o
    0x080038d8   0x080038d8   0x00000008   Code   RO         2853    i.Bms_HalMonitorLoadDetect  bms_hal_monitor.o
    0x080038e0   0x080038e0   0x00000046   Code   RO         2644    i.BubbleFloat       bms_utils.o
    0x08003926   0x08003926   0x00000052   Code   RO         2645    i.BubbleSort        bms_utils.o
    0x08003978   0x08003978   0x00000004   Code   RO          296    i.BusFault_Handler  stm32f1xx_it.o
    0x0800397c   0x0800397c   0x00000010   Code   RO          297    i.CAN1_RX1_IRQHandler  stm32f1xx_it.o
    0x0800398c   0x0800398c   0x00000044   Code   RO         3089    i.CRC8              drv_softi2c_bq769x0.o
    0x080039d0   0x080039d0   0x00000002   Code   RO          298    i.DebugMon_Handler  stm32f1xx_it.o
    0x080039d2   0x080039d2   0x0000000c   Code   RO          299    i.EXTI15_10_IRQHandler  stm32f1xx_it.o
    0x080039de   0x080039de   0x00000006   Code   RO           13    i.Error_Handler     main.o
    0x080039e4   0x080039e4   0x0000000e   Code   RO         2918    i.GET_SDA           drv_soft_i2c.o
    0x080039f2   0x080039f2   0x00000002   Code   RO          438    i.HAL_CAN_ErrorCallback  stm32f1xx_hal_can.o
    0x080039f4   0x080039f4   0x0000017a   Code   RO          441    i.HAL_CAN_GetRxMessage  stm32f1xx_hal_can.o
    0x08003b6e   0x08003b6e   0x0000024e   Code   RO          445    i.HAL_CAN_IRQHandler  stm32f1xx_hal_can.o
    0x08003dbc   0x08003dbc   0x00000174   Code   RO          446    i.HAL_CAN_Init      stm32f1xx_hal_can.o
    0x08003f30   0x08003f30   0x000000a8   Code   RO          207    i.HAL_CAN_MspInit   can.o
    0x08003fd8   0x08003fd8   0x00000002   Code   RO          453    i.HAL_CAN_RxFifo0FullCallback  stm32f1xx_hal_can.o
    0x08003fda   0x08003fda   0x00000002   PAD
    0x08003fdc   0x08003fdc   0x0000005c   Code   RO         3331    i.HAL_CAN_RxFifo0MsgPendingCallback  drv_can.o
    0x08004038   0x08004038   0x00000002   Code   RO          455    i.HAL_CAN_RxFifo1FullCallback  stm32f1xx_hal_can.o
    0x0800403a   0x0800403a   0x00000002   Code   RO          456    i.HAL_CAN_RxFifo1MsgPendingCallback  stm32f1xx_hal_can.o
    0x0800403c   0x0800403c   0x00000002   Code   RO          457    i.HAL_CAN_SleepCallback  stm32f1xx_hal_can.o
    0x0800403e   0x0800403e   0x00000002   Code   RO          460    i.HAL_CAN_TxMailbox0AbortCallback  stm32f1xx_hal_can.o
    0x08004040   0x08004040   0x00000002   Code   RO          461    i.HAL_CAN_TxMailbox0CompleteCallback  stm32f1xx_hal_can.o
    0x08004042   0x08004042   0x00000002   Code   RO          462    i.HAL_CAN_TxMailbox1AbortCallback  stm32f1xx_hal_can.o
    0x08004044   0x08004044   0x00000002   Code   RO          463    i.HAL_CAN_TxMailbox1CompleteCallback  stm32f1xx_hal_can.o
    0x08004046   0x08004046   0x00000002   Code   RO          464    i.HAL_CAN_TxMailbox2AbortCallback  stm32f1xx_hal_can.o
    0x08004048   0x08004048   0x00000002   Code   RO          465    i.HAL_CAN_TxMailbox2CompleteCallback  stm32f1xx_hal_can.o
    0x0800404a   0x0800404a   0x00000002   Code   RO          467    i.HAL_CAN_WakeUpFromRxMsgCallback  stm32f1xx_hal_can.o
    0x0800404c   0x0800404c   0x00000056   Code   RO         1050    i.HAL_DMA_Abort     stm32f1xx_hal_dma.o
    0x080040a2   0x080040a2   0x00000002   PAD
    0x080040a4   0x080040a4   0x000000b0   Code   RO         1051    i.HAL_DMA_Abort_IT  stm32f1xx_hal_dma.o
    0x08004154   0x08004154   0x00000010   Code   RO         3090    i.HAL_GPIO_EXTI_Callback  drv_softi2c_bq769x0.o
    0x08004164   0x08004164   0x0000001c   Code   RO          985    i.HAL_GPIO_EXTI_IRQHandler  stm32f1xx_hal_gpio.o
    0x08004180   0x08004180   0x00000320   Code   RO          986    i.HAL_GPIO_Init     stm32f1xx_hal_gpio.o
    0x080044a0   0x080044a0   0x00000010   Code   RO          988    i.HAL_GPIO_ReadPin  stm32f1xx_hal_gpio.o
    0x080044b0   0x080044b0   0x00000014   Code   RO          989    i.HAL_GPIO_TogglePin  stm32f1xx_hal_gpio.o
    0x080044c4   0x080044c4   0x0000000c   Code   RO          990    i.HAL_GPIO_WritePin  stm32f1xx_hal_gpio.o
    0x080044d0   0x080044d0   0x0000000c   Code   RO          677    i.HAL_GetTick       stm32f1xx_hal.o
    0x080044dc   0x080044dc   0x00000018   Code   RO          683    i.HAL_IncTick       stm32f1xx_hal.o
    0x080044f4   0x080044f4   0x00000028   Code   RO          684    i.HAL_Init          stm32f1xx_hal.o
    0x0800451c   0x0800451c   0x0000004c   Code   RO          685    i.HAL_InitTick      stm32f1xx_hal.o
    0x08004568   0x08004568   0x0000005c   Code   RO          372    i.HAL_MspInit       stm32f1xx_hal_msp.o
    0x080045c4   0x080045c4   0x00000020   Code   RO         1146    i.HAL_NVIC_EnableIRQ  stm32f1xx_hal_cortex.o
    0x080045e4   0x080045e4   0x0000007c   Code   RO         1152    i.HAL_NVIC_SetPriority  stm32f1xx_hal_cortex.o
    0x08004660   0x08004660   0x00000028   Code   RO         1153    i.HAL_NVIC_SetPriorityGrouping  stm32f1xx_hal_cortex.o
    0x08004688   0x08004688   0x0000018c   Code   RO          841    i.HAL_RCC_ClockConfig  stm32f1xx_hal_rcc.o
    0x08004814   0x08004814   0x0000000c   Code   RO          846    i.HAL_RCC_GetHCLKFreq  stm32f1xx_hal_rcc.o
    0x08004820   0x08004820   0x00000020   Code   RO          848    i.HAL_RCC_GetPCLK1Freq  stm32f1xx_hal_rcc.o
    0x08004840   0x08004840   0x00000020   Code   RO          849    i.HAL_RCC_GetPCLK2Freq  stm32f1xx_hal_rcc.o
    0x08004860   0x08004860   0x00000094   Code   RO          850    i.HAL_RCC_GetSysClockFreq  stm32f1xx_hal_rcc.o
    0x080048f4   0x080048f4   0x00000464   Code   RO          853    i.HAL_RCC_OscConfig  stm32f1xx_hal_rcc.o
    0x08004d58   0x08004d58   0x00000034   Code   RO         1157    i.HAL_SYSTICK_Config  stm32f1xx_hal_cortex.o
    0x08004d8c   0x08004d8c   0x00000002   Code   RO         1719    i.HAL_UARTEx_RxEventCallback  stm32f1xx_hal_uart.o
    0x08004d8e   0x08004d8e   0x00000002   Code   RO         1733    i.HAL_UART_ErrorCallback  stm32f1xx_hal_uart.o
    0x08004d90   0x08004d90   0x0000024c   Code   RO         1736    i.HAL_UART_IRQHandler  stm32f1xx_hal_uart.o
    0x08004fdc   0x08004fdc   0x00000072   Code   RO         1737    i.HAL_UART_Init     stm32f1xx_hal_uart.o
    0x0800504e   0x0800504e   0x00000002   PAD
    0x08005050   0x08005050   0x00000100   Code   RO          249    i.HAL_UART_MspInit  usart.o
    0x08005150   0x08005150   0x00000042   Code   RO         1742    i.HAL_UART_Receive_IT  stm32f1xx_hal_uart.o
    0x08005192   0x08005192   0x00000002   PAD
    0x08005194   0x08005194   0x00000040   Code   RO         3273    i.HAL_UART_RxCpltCallback  drv_rs485.o
    0x080051d4   0x080051d4   0x000000d2   Code   RO         1745    i.HAL_UART_Transmit  stm32f1xx_hal_uart.o
    0x080052a6   0x080052a6   0x00000058   Code   RO         1747    i.HAL_UART_Transmit_IT  stm32f1xx_hal_uart.o
    0x080052fe   0x080052fe   0x00000002   PAD
    0x08005300   0x08005300   0x00000040   Code   RO         3274    i.HAL_UART_TxCpltCallback  drv_rs485.o
    0x08005340   0x08005340   0x00000010   Code   RO         2919    i.I2C1_Lock         drv_soft_i2c.o
    0x08005350   0x08005350   0x00000002   Code   RO         2920    i.I2C1_LockInit     drv_soft_i2c.o
    0x08005352   0x08005352   0x00000002   PAD
    0x08005354   0x08005354   0x00000010   Code   RO         2921    i.I2C1_Unlock       drv_soft_i2c.o
    0x08005364   0x08005364   0x000000ec   Code   RO         2922    i.I2C_BitSendAddress  drv_soft_i2c.o
    0x08005450   0x08005450   0x0000003e   Code   RO         2923    i.I2C_BusHardwareInitialize  drv_soft_i2c.o
    0x0800548e   0x0800548e   0x00000002   PAD
    0x08005490   0x08005490   0x00000010   Code   RO         2924    i.I2C_BusInitialize  drv_soft_i2c.o
    0x080054a0   0x080054a0   0x00000048   Code   RO         2925    i.I2C_ReadByte      drv_soft_i2c.o
    0x080054e8   0x080054e8   0x00000068   Code   RO         2926    i.I2C_RecvBytes     drv_soft_i2c.o
    0x08005550   0x08005550   0x0000002a   Code   RO         2927    i.I2C_Restart       drv_soft_i2c.o
    0x0800557a   0x0800557a   0x00000048   Code   RO         2928    i.I2C_SendAddress   drv_soft_i2c.o
    0x080055c2   0x080055c2   0x00000072   Code   RO         2929    i.I2C_SendBytes     drv_soft_i2c.o
    0x08005634   0x08005634   0x00000018   Code   RO         2930    i.I2C_Start         drv_soft_i2c.o
    0x0800564c   0x0800564c   0x0000002a   Code   RO         2931    i.I2C_Stop          drv_soft_i2c.o
    0x08005676   0x08005676   0x000000b6   Code   RO         2932    i.I2C_TransferMessages  drv_soft_i2c.o
    0x0800572c   0x0800572c   0x00000080   Code   RO         2933    i.I2C_WriteByte     drv_soft_i2c.o
    0x080057ac   0x080057ac   0x00000048   Code   RO          208    i.MX_CAN_Init       can.o
    0x080057f4   0x080057f4   0x00000130   Code   RO          182    i.MX_GPIO_Init      gpio.o
    0x08005924   0x08005924   0x00000038   Code   RO          250    i.MX_USART1_UART_Init  usart.o
    0x0800595c   0x0800595c   0x00000038   Code   RO          251    i.MX_USART2_UART_Init  usart.o
    0x08005994   0x08005994   0x00000004   Code   RO          300    i.MemManage_Handler  stm32f1xx_it.o
    0x08005998   0x08005998   0x00000004   Code   RO          301    i.NMI_Handler       stm32f1xx_it.o
    0x0800599c   0x0800599c   0x00000028   Code   RO          854    i.RCC_Delay         stm32f1xx_hal_rcc.o
    0x080059c4   0x080059c4   0x00000014   Code   RO         3277    i.RS485_TransmitState  drv_rs485.o
    0x080059d8   0x080059d8   0x00000010   Code   RO         2934    i.SCL_H             drv_soft_i2c.o
    0x080059e8   0x080059e8   0x00000010   Code   RO         2935    i.SCL_L             drv_soft_i2c.o
    0x080059f8   0x080059f8   0x00000010   Code   RO         2936    i.SDA_H             drv_soft_i2c.o
    0x08005a08   0x08005a08   0x00000010   Code   RO         2937    i.SDA_L             drv_soft_i2c.o
    0x08005a18   0x08005a18   0x0000001c   Code   RO         2938    i.SDA_SetInMode     drv_soft_i2c.o
    0x08005a34   0x08005a34   0x0000001e   Code   RO         2939    i.SDA_SetOutMode    drv_soft_i2c.o
    0x08005a52   0x08005a52   0x00000016   Code   RO         4331    i.SysTick_Handler   board_1.o
    0x08005a68   0x08005a68   0x00000066   Code   RO           14    i.SystemClock_Config  main.o
    0x08005ace   0x08005ace   0x00000002   PAD
    0x08005ad0   0x08005ad0   0x000000a4   Code   RO         2075    i.SystemCoreClockUpdate  system_stm32f1xx.o
    0x08005b74   0x08005b74   0x00000002   Code   RO         2076    i.SystemInit        system_stm32f1xx.o
    0x08005b76   0x08005b76   0x00000002   PAD
    0x08005b78   0x08005b78   0x00000144   Code   RO         3091    i.TempChange        drv_softi2c_bq769x0.o
    0x08005cbc   0x08005cbc   0x00000014   Code   RO         1750    i.UART_DMAAbortOnError  stm32f1xx_hal_uart.o
    0x08005cd0   0x08005cd0   0x00000036   Code   RO         1760    i.UART_EndRxTransfer  stm32f1xx_hal_uart.o
    0x08005d06   0x08005d06   0x00000020   Code   RO         1761    i.UART_EndTransmit_IT  stm32f1xx_hal_uart.o
    0x08005d26   0x08005d26   0x000000e4   Code   RO         1763    i.UART_Receive_IT   stm32f1xx_hal_uart.o
    0x08005e0a   0x08005e0a   0x00000002   PAD
    0x08005e0c   0x08005e0c   0x000000fc   Code   RO         1764    i.UART_SetConfig    stm32f1xx_hal_uart.o
    0x08005f08   0x08005f08   0x00000046   Code   RO         1766    i.UART_Start_Receive_IT  stm32f1xx_hal_uart.o
    0x08005f4e   0x08005f4e   0x00000060   Code   RO         1767    i.UART_Transmit_IT  stm32f1xx_hal_uart.o
    0x08005fae   0x08005fae   0x0000006c   Code   RO         1768    i.UART_WaitOnFlagUntilTimeout  stm32f1xx_hal_uart.o
    0x0800601a   0x0800601a   0x00000002   PAD
    0x0800601c   0x0800601c   0x00000010   Code   RO          302    i.USART2_IRQHandler  stm32f1xx_it.o
    0x0800602c   0x0800602c   0x00000010   Code   RO          303    i.USB_LP_CAN1_RX0_IRQHandler  stm32f1xx_it.o
    0x0800603c   0x0800603c   0x00000004   Code   RO          304    i.UsageFault_Handler  stm32f1xx_it.o
    0x08006040   0x08006040   0x00000028   Code   RO         4926    i.__0sprintf        mc_w.l(printfa.o)
    0x08006068   0x08006068   0x00000010   Code   RO         1159    i.__NVIC_GetPriorityGrouping  stm32f1xx_hal_cortex.o
    0x08006078   0x08006078   0x00000028   Code   RO         1160    i.__NVIC_SetPriority  stm32f1xx_hal_cortex.o
    0x080060a0   0x080060a0   0x00000048   Code   RO         3661    i.__rt_ffs          kservice.o
    0x080060e8   0x080060e8   0x0000000e   Code   RO         5026    i.__scatterload_copy  mc_w.l(handlers.o)
    0x080060f6   0x080060f6   0x00000002   Code   RO         5027    i.__scatterload_null  mc_w.l(handlers.o)
    0x080060f8   0x080060f8   0x0000000e   Code   RO         5028    i.__scatterload_zeroinit  mc_w.l(handlers.o)
    0x08006106   0x08006106   0x00000002   PAD
    0x08006108   0x08006108   0x00000164   Code   RO         4931    i._fp_digits        mc_w.l(printfa.o)
    0x0800626c   0x0800626c   0x0000006c   Code   RO         4495    i._msh_exec_cmd     msh.o
    0x080062d8   0x080062d8   0x000006dc   Code   RO         4932    i._printf_core      mc_w.l(printfa.o)
    0x080069b4   0x080069b4   0x00000024   Code   RO         4933    i._printf_post_padding  mc_w.l(printfa.o)
    0x080069d8   0x080069d8   0x0000002e   Code   RO         4934    i._printf_pre_padding  mc_w.l(printfa.o)
    0x08006a06   0x08006a06   0x00000002   PAD
    0x08006a08   0x08006a08   0x0000007c   Code   RO         4057    i._rt_thread_init   thread.o
    0x08006a84   0x08006a84   0x00000028   Code   RO         4179    i._rt_timer_init    timer.o
    0x08006aac   0x08006aac   0x0000000a   Code   RO         4936    i._sputc            mc_w.l(printfa.o)
    0x08006ab6   0x08006ab6   0x0000001c   Code   RO         4058    i._thread_cleanup_execute  thread.o
    0x08006ad2   0x08006ad2   0x00000002   PAD
    0x08006ad4   0x08006ad4   0x000000f4   Code   RO         4266    i.bus_fault_track   cpuport.o
    0x08006bc8   0x08006bc8   0x0000000a   Code   RO         4496    i.cmd_free          msh.o
    0x08006bd2   0x08006bd2   0x0000000a   Code   RO         4497    i.cmd_ps            msh.o
    0x08006bdc   0x08006bdc   0x00000020   Code   RO         2854    i.compaer_cell      bms_hal_monitor.o
    0x08006bfc   0x08006bfc   0x0000001c   Code   RO         2940    i.delay_us          drv_soft_i2c.o
    0x08006c18   0x08006c18   0x00000070   Code   RO         4573    i.finsh_get_prompt  shell.o
    0x08006c88   0x08006c88   0x00000004   Code   RO         4575    i.finsh_getchar     shell.o
    0x08006c8c   0x08006c8c   0x00000018   Code   RO         4578    i.finsh_set_prompt_mode  shell.o
    0x08006ca4   0x08006ca4   0x0000000c   Code   RO         4579    i.finsh_system_function_init  shell.o
    0x08006cb0   0x08006cb0   0x00000098   Code   RO         4580    i.finsh_system_init  shell.o
    0x08006d48   0x08006d48   0x000002a0   Code   RO         4582    i.finsh_thread_entry  shell.o
    0x08006fe8   0x08006fe8   0x00000084   Code   RO         4267    i.hard_fault_track  cpuport.o
    0x0800706c   0x0800706c   0x00000020   Code   RO         4391    i.hello             cmd.o
    0x0800708c   0x0800708c   0x00000068   Code   RO         4392    i.list              cmd.o
    0x080070f4   0x080070f4   0x00000024   Code   RO         4393    i.list_find_init    cmd.o
    0x08007118   0x08007118   0x00000076   Code   RO         4394    i.list_get_next     cmd.o
    0x0800718e   0x0800718e   0x00000002   PAD
    0x08007190   0x08007190   0x0000006c   Code   RO         3833    i.list_mem          mem.o
    0x080071fc   0x080071fc   0x00000128   Code   RO         4395    i.list_mutex        cmd.o
    0x08007324   0x08007324   0x0000015c   Code   RO         4396    i.list_sem          cmd.o
    0x08007480   0x08007480   0x000001e0   Code   RO         4397    i.list_thread       cmd.o
    0x08007660   0x08007660   0x0000015c   Code   RO         4398    i.list_timer        cmd.o
    0x080077bc   0x080077bc   0x00000034   Code   RO           15    i.main              main.o
    0x080077f0   0x080077f0   0x0000000e   Code   RO         3422    i.main_thread_entry  components.o
    0x080077fe   0x080077fe   0x00000002   PAD
    0x08007800   0x08007800   0x000000e4   Code   RO         4268    i.mem_manage_fault_track  cpuport.o
    0x080078e4   0x080078e4   0x000000a8   Code   RO         4498    i.msh_auto_complete  msh.o
    0x0800798c   0x0800798c   0x00000064   Code   RO         4499    i.msh_exec          msh.o
    0x080079f0   0x080079f0   0x0000005c   Code   RO         4500    i.msh_get_cmd       msh.o
    0x08007a4c   0x08007a4c   0x0000007c   Code   RO         4501    i.msh_help          msh.o
    0x08007ac8   0x08007ac8   0x00000004   Code   RO         4502    i.msh_is_used       msh.o
    0x08007acc   0x08007acc   0x000000d8   Code   RO         4503    i.msh_split         msh.o
    0x08007ba4   0x08007ba4   0x00000068   Code   RO         3834    i.plug_holes        mem.o
    0x08007c0c   0x08007c0c   0x00000170   Code   RO         3663    i.print_number      kservice.o
    0x08007d7c   0x08007d7c   0x00000052   Code   RO         2654    i.right_bound       bms_utils.o
    0x08007dce   0x08007dce   0x00000002   PAD
    0x08007dd0   0x08007dd0   0x00000030   Code   RO         3423    i.rt_application_init  components.o
    0x08007e00   0x08007e00   0x0000001c   Code   RO         3835    i.rt_calloc         mem.o
    0x08007e1c   0x08007e1c   0x00000020   Code   RO         3424    i.rt_components_board_init  components.o
    0x08007e3c   0x08007e3c   0x00000020   Code   RO         3425    i.rt_components_init  components.o
    0x08007e5c   0x08007e5c   0x0000001c   Code   RO         3990    i.rt_enter_critical  scheduler.o
    0x08007e78   0x08007e78   0x00000038   Code   RO         3991    i.rt_exit_critical  scheduler.o
    0x08007eb0   0x08007eb0   0x000000c8   Code   RO         3836    i.rt_free           mem.o
    0x08007f78   0x08007f78   0x00000008   Code   RO         4332    i.rt_heap_begin_get  board_1.o
    0x08007f80   0x08007f80   0x00000008   Code   RO         4333    i.rt_heap_end_get   board_1.o
    0x08007f88   0x08007f88   0x00000036   Code   RO         4334    i.rt_hw_board_init  board_1.o
    0x08007fbe   0x08007fbe   0x00000002   PAD
    0x08007fc0   0x08007fc0   0x00000028   Code   RO         4335    i.rt_hw_console_getchar  board_1.o
    0x08007fe8   0x08007fe8   0x00000048   Code   RO         4336    i.rt_hw_console_output  board_1.o
    0x08008030   0x08008030   0x00000200   Code   RO         4272    i.rt_hw_hard_fault_exception  cpuport.o
    0x08008230   0x08008230   0x00000040   Code   RO         4273    i.rt_hw_stack_init  cpuport.o
    0x08008270   0x08008270   0x0000001c   Code   RO         3634    i.rt_interrupt_enter  irq.o
    0x0800828c   0x0800828c   0x0000001c   Code   RO         3636    i.rt_interrupt_leave  irq.o
    0x080082a8   0x080082a8   0x00000024   Code   RO         3667    i.rt_kprintf        kservice.o
    0x080082cc   0x080082cc   0x00000110   Code   RO         3837    i.rt_malloc         mem.o
    0x080083dc   0x080083dc   0x00000036   Code   RO         3672    i.rt_memmove        kservice.o
    0x08008412   0x08008412   0x00000056   Code   RO         3673    i.rt_memset         kservice.o
    0x08008468   0x08008468   0x0000005a   Code   RO         3912    i.rt_object_allocate  object.o
    0x080084c2   0x080084c2   0x0000002e   Code   RO         3913    i.rt_object_delete  object.o
    0x080084f0   0x080084f0   0x0000002c   Code   RO         3914    i.rt_object_detach  object.o
    0x0800851c   0x0800851c   0x00000024   Code   RO         3916    i.rt_object_get_information  object.o
    0x08008540   0x08008540   0x0000005a   Code   RO         3920    i.rt_object_init    object.o
    0x0800859a   0x0800859a   0x00000010   Code   RO         3921    i.rt_object_is_systemobject  object.o
    0x080085aa   0x080085aa   0x00000002   PAD
    0x080085ac   0x080085ac   0x00000064   Code   RO         3992    i.rt_schedule       scheduler.o
    0x08008610   0x08008610   0x00000050   Code   RO         3993    i.rt_schedule_insert_thread  scheduler.o
    0x08008660   0x08008660   0x00000054   Code   RO         3994    i.rt_schedule_remove_thread  scheduler.o
    0x080086b4   0x080086b4   0x00000020   Code   RO         3539    i.rt_sem_create     ipc.o
    0x080086d4   0x080086d4   0x00000022   Code   RO         3542    i.rt_sem_init       ipc.o
    0x080086f6   0x080086f6   0x00000058   Code   RO         3543    i.rt_sem_release    ipc.o
    0x0800874e   0x0800874e   0x000000d6   Code   RO         3544    i.rt_sem_take       ipc.o
    0x08008824   0x08008824   0x000000b0   Code   RO         3675    i.rt_show_version   kservice.o
    0x080088d4   0x080088d4   0x00000010   Code   RO         3681    i.rt_strlen         kservice.o
    0x080088e4   0x080088e4   0x0000002a   Code   RO         3683    i.rt_strncpy        kservice.o
    0x0800890e   0x0800890e   0x00000002   PAD
    0x08008910   0x08008910   0x000000b0   Code   RO         3840    i.rt_system_heap_init  mem.o
    0x080089c0   0x080089c0   0x0000003c   Code   RO         3995    i.rt_system_scheduler_init  scheduler.o
    0x080089fc   0x080089fc   0x00000028   Code   RO         3996    i.rt_system_scheduler_start  scheduler.o
    0x08008a24   0x08008a24   0x00000018   Code   RO         4180    i.rt_system_timer_init  timer.o
    0x08008a3c   0x08008a3c   0x00000002   Code   RO         4181    i.rt_system_timer_thread_init  timer.o
    0x08008a3e   0x08008a3e   0x0000005a   Code   RO         4060    i.rt_thread_create  thread.o
    0x08008a98   0x08008a98   0x00000060   Code   RO         4065    i.rt_thread_exit    thread.o
    0x08008af8   0x08008af8   0x00000006   Code   RO         3495    i.rt_thread_idle_entry  idle.o
    0x08008afe   0x08008afe   0x00000002   PAD
    0x08008b00   0x08008b00   0x00000054   Code   RO         3496    i.rt_thread_idle_excute  idle.o
    0x08008b54   0x08008b54   0x00000040   Code   RO         3498    i.rt_thread_idle_init  idle.o
    0x08008b94   0x08008b94   0x00000032   Code   RO         4067    i.rt_thread_init    thread.o
    0x08008bc6   0x08008bc6   0x0000000e   Code   RO         4068    i.rt_thread_mdelay  thread.o
    0x08008bd4   0x08008bd4   0x00000048   Code   RO         4069    i.rt_thread_resume  thread.o
    0x08008c1c   0x08008c1c   0x0000000c   Code   RO         4070    i.rt_thread_self    thread.o
    0x08008c28   0x08008c28   0x00000044   Code   RO         4071    i.rt_thread_sleep   thread.o
    0x08008c6c   0x08008c6c   0x0000002a   Code   RO         4072    i.rt_thread_startup  thread.o
    0x08008c96   0x08008c96   0x00000044   Code   RO         4073    i.rt_thread_suspend  thread.o
    0x08008cda   0x08008cda   0x00000028   Code   RO         4074    i.rt_thread_timeout  thread.o
    0x08008d02   0x08008d02   0x00000002   PAD
    0x08008d04   0x08008d04   0x0000006c   Code   RO         4075    i.rt_thread_yield   thread.o
    0x08008d70   0x08008d70   0x00000032   Code   RO         3384    i.rt_tick_from_millisecond  clock.o
    0x08008da2   0x08008da2   0x00000002   PAD
    0x08008da4   0x08008da4   0x0000000c   Code   RO         3385    i.rt_tick_get       clock.o
    0x08008db0   0x08008db0   0x0000002c   Code   RO         3386    i.rt_tick_increase  clock.o
    0x08008ddc   0x08008ddc   0x000000f4   Code   RO         4182    i.rt_timer_check    timer.o
    0x08008ed0   0x08008ed0   0x00000054   Code   RO         4183    i.rt_timer_control  timer.o
    0x08008f24   0x08008f24   0x00000032   Code   RO         4184    i.rt_timer_create   timer.o
    0x08008f56   0x08008f56   0x00000046   Code   RO         4186    i.rt_timer_detach   timer.o
    0x08008f9c   0x08008f9c   0x0000002a   Code   RO         4187    i.rt_timer_init     timer.o
    0x08008fc6   0x08008fc6   0x00000002   PAD
    0x08008fc8   0x08008fc8   0x000000d0   Code   RO         4190    i.rt_timer_start    timer.o
    0x08009098   0x08009098   0x00000052   Code   RO         4191    i.rt_timer_stop     timer.o
    0x080090ea   0x080090ea   0x00000002   PAD
    0x080090ec   0x080090ec   0x0000032c   Code   RO         3686    i.rt_vsnprintf      kservice.o
    0x08009418   0x08009418   0x00000004   Code   RO         3426    i.rti_board_end     components.o
    0x0800941c   0x0800941c   0x00000004   Code   RO         3427    i.rti_board_start   components.o
    0x08009420   0x08009420   0x00000004   Code   RO         3428    i.rti_end           components.o
    0x08009424   0x08009424   0x00000004   Code   RO         3429    i.rti_start         components.o
    0x08009428   0x08009428   0x0000002a   Code   RO         3430    i.rtthread_startup  components.o
    0x08009452   0x08009452   0x00000002   PAD
    0x08009454   0x08009454   0x00000038   Code   RO         4583    i.shell_auto_complete  shell.o
    0x0800948c   0x0800948c   0x00000030   Code   RO         4399    i.show_wait_queue   cmd.o
    0x080094bc   0x080094bc   0x0000001e   Code   RO         4504    i.str_common        msh.o
    0x080094da   0x080094da   0x0000001a   Code   RO         2655    i.swap              bms_utils.o
    0x080094f4   0x080094f4   0x00000034   Code   RO         4337    i.uart_init         board_1.o
    0x08009528   0x08009528   0x000000dc   Code   RO         4274    i.usage_fault_track  cpuport.o
    0x08009604   0x08009604   0x0000000a   Code   RO         4400    i.version           cmd.o
    0x0800960e   0x0800960e   0x00000018   Data   RO         2077    .constdata          system_stm32f1xx.o
    0x08009626   0x08009626   0x0000003e   Data   RO         3093    .constdata          drv_softi2c_bq769x0.o
    0x08009664   0x08009664   0x00000122   Data   RO         3689    .constdata          kservice.o
    0x08009786   0x08009786   0x00000002   PAD
    0x08009788   0x08009788   0x0000008a   Data   RO         2516    .conststring        bms_info.o
    0x08009812   0x08009812   0x00000002   PAD
    0x08009814   0x08009814   0x00000044   Data   RO         4401    .conststring        cmd.o
    0x08009858   0x08009858   0x000000ee   Data   RO         2588    .rodata.name        bms_msh_commond.o
    0x08009946   0x08009946   0x00000009   Data   RO         3843    .rodata.name        mem.o
    0x0800994f   0x0800994f   0x0000001e   Data   RO         3844    .rodata.name        mem.o
    0x0800996d   0x0800996d   0x00000006   Data   RO         4402    .rodata.name        cmd.o
    0x08009973   0x08009973   0x00000010   Data   RO         4403    .rodata.name        cmd.o
    0x08009983   0x08009983   0x00000008   Data   RO         4404    .rodata.name        cmd.o
    0x0800998b   0x0800998b   0x00000023   Data   RO         4405    .rodata.name        cmd.o
    0x080099ae   0x080099ae   0x0000000e   Data   RO         4406    .rodata.name        cmd.o
    0x080099bc   0x080099bc   0x00000023   Data   RO         4407    .rodata.name        cmd.o
    0x080099df   0x080099df   0x0000000c   Data   RO         4408    .rodata.name        cmd.o
    0x080099eb   0x080099eb   0x0000000c   Data   RO         4409    .rodata.name        cmd.o
    0x080099f7   0x080099f7   0x00000012   Data   RO         4410    .rodata.name        cmd.o
    0x08009a09   0x08009a09   0x0000000c   Data   RO         4411    .rodata.name        cmd.o
    0x08009a15   0x08009a15   0x00000009   Data   RO         4412    .rodata.name        cmd.o
    0x08009a1e   0x08009a1e   0x00000019   Data   RO         4413    .rodata.name        cmd.o
    0x08009a37   0x08009a37   0x0000000f   Data   RO         4414    .rodata.name        cmd.o
    0x08009a46   0x08009a46   0x00000019   Data   RO         4415    .rodata.name        cmd.o
    0x08009a5f   0x08009a5f   0x0000000b   Data   RO         4416    .rodata.name        cmd.o
    0x08009a6a   0x08009a6a   0x00000015   Data   RO         4417    .rodata.name        cmd.o
    0x08009a7f   0x08009a7f   0x00000011   Data   RO         4418    .rodata.name        cmd.o
    0x08009a90   0x08009a90   0x00000015   Data   RO         4419    .rodata.name        cmd.o
    0x08009aa5   0x08009aa5   0x0000000b   Data   RO         4420    .rodata.name        cmd.o
    0x08009ab0   0x08009ab0   0x00000015   Data   RO         4421    .rodata.name        cmd.o
    0x08009ac5   0x08009ac5   0x00000011   Data   RO         4422    .rodata.name        cmd.o
    0x08009ad6   0x08009ad6   0x00000015   Data   RO         4423    .rodata.name        cmd.o
    0x08009aeb   0x08009aeb   0x00000005   Data   RO         4424    .rodata.name        cmd.o
    0x08009af0   0x08009af0   0x0000001a   Data   RO         4425    .rodata.name        cmd.o
    0x08009b0a   0x08009b0a   0x0000000b   Data   RO         4505    .rodata.name        msh.o
    0x08009b15   0x08009b15   0x00000016   Data   RO         4506    .rodata.name        msh.o
    0x08009b2b   0x08009b2b   0x00000009   Data   RO         4507    .rodata.name        msh.o
    0x08009b34   0x08009b34   0x0000001c   Data   RO         4508    .rodata.name        msh.o
    0x08009b50   0x08009b50   0x0000000b   Data   RO         4509    .rodata.name        msh.o
    0x08009b5b   0x08009b5b   0x00000025   Data   RO         4510    .rodata.name        msh.o
    0x08009b80   0x08009b80   0x00000004   Data   RO         3431    .rti_fn.0           components.o
    0x08009b84   0x08009b84   0x00000004   Data   RO         3432    .rti_fn.0.end       components.o
    0x08009b88   0x08009b88   0x00000004   Data   RO         4339    .rti_fn.1           board_1.o
    0x08009b8c   0x08009b8c   0x00000004   Data   RO         3433    .rti_fn.1.end       components.o
    0x08009b90   0x08009b90   0x00000004   Data   RO         4586    .rti_fn.6           shell.o
    0x08009b94   0x08009b94   0x00000004   Data   RO         3434    .rti_fn.6.end       components.o
    0x08009b98   0x08009b98   0x00000054   Data   RO         2589    FSymTab             bms_msh_commond.o
    0x08009bec   0x08009bec   0x0000000c   Data   RO         3845    FSymTab             mem.o
    0x08009bf8   0x08009bf8   0x00000090   Data   RO         4426    FSymTab             cmd.o
    0x08009c88   0x08009c88   0x00000024   Data   RO         4511    FSymTab             msh.o
    0x08009cac   0x08009cac   0x00000020   Data   RO         5024    Region$$Table       anon$$obj.o


    Execution Region RW_IRAM1 (Exec base: 0x20000000, Load base: 0x08009ccc, Size: 0x000033e0, Max: 0x00005000, ABSOLUTE, COMPRESSED[0x00000178])

    Exec Addr    Load Addr    Size         Type   Attr      Idx    E Section Name        Object

    0x20000000   COMPRESSED   0x00000009   Data   RW          691    .data               stm32f1xx_hal.o
    0x20000009   COMPRESSED   0x00000003   PAD
    0x2000000c   COMPRESSED   0x00000004   Data   RW         2078    .data               system_stm32f1xx.o
    0x20000010   COMPRESSED   0x00000014   Data   RW         2226    .data               bms_monitor.o
    0x20000024   COMPRESSED   0x00000054   Data   RW         2305    .data               bms_protect.o
    0x20000078   COMPRESSED   0x000000fc   Data   RW         2399    .data               bms_analysis.o
    0x20000174   COMPRESSED   0x00000032   Data   RW         2468    .data               bms_energy.o
    0x200001a6   COMPRESSED   0x00000006   Data   RW         2632    .data               bms_global.o
    0x200001ac   COMPRESSED   0x00000024   Data   RW         2941    .data               drv_soft_i2c.o
    0x200001d0   COMPRESSED   0x00000013   Data   RW         3094    .data               drv_softi2c_bq769x0.o
    0x200001e3   COMPRESSED   0x00000001   Data   RW         3278    .data               drv_rs485.o
    0x200001e4   COMPRESSED   0x00000004   Data   RW         3388    .data               clock.o
    0x200001e8   COMPRESSED   0x00000001   Data   RW         3637    .data               irq.o
    0x200001e9   COMPRESSED   0x00000003   PAD
    0x200001ec   COMPRESSED   0x00000018   Data   RW         3842    .data               mem.o
    0x20000204   COMPRESSED   0x00000040   Data   RW         3923    .data               object.o
    0x20000244   COMPRESSED   0x00000014   Data   RW         3998    .data               scheduler.o
    0x20000258   COMPRESSED   0x0000000c   Data   RW         4192    .data               timer.o
    0x20000264   COMPRESSED   0x00000004   Data   RW         4275    .data               cpuport.o
    0x20000268   COMPRESSED   0x00000004   Data   RW         4276    .data               cpuport.o
    0x2000026c   COMPRESSED   0x00000004   Data   RW         4277    .data               cpuport.o
    0x20000270   COMPRESSED   0x00000004   Data   RW         4278    .data               cpuport.o
    0x20000274   COMPRESSED   0x00000018   Data   RW         4585    .data               shell.o
    0x2000028c        -       0x00000028   Zero   RW          209    .bss                can.o
    0x200002b4        -       0x00000088   Zero   RW          252    .bss                usart.o
    0x2000033c        -       0x0000004c   Zero   RW         2225    .bss                bms_monitor.o
    0x20000388        -       0x00000078   Zero   RW         3092    .bss                drv_softi2c_bq769x0.o
    0x20000400        -       0x00000178   Zero   RW         3499    .bss                idle.o
    0x20000578        -       0x00000080   Zero   RW         3688    .bss                kservice.o
    0x200005f8        -       0x00000020   Zero   RW         3841    .bss                mem.o
    0x20000618        -       0x00000100   Zero   RW         3997    .bss                scheduler.o
    0x20000718        -       0x00002844   Zero   RW         4338    .bss                board_1.o
    0x20002f5c        -       0x00000081   Zero   RW         4584    .bss                shell.o
    0x20002fdd   COMPRESSED   0x00000003   PAD
    0x20002fe0        -       0x00000400   Zero   RW            1    STACK               startup_stm32f103xb.o


==============================================================================

Image component sizes


      Code (inc. data)   RO Data    RW Data    ZI Data      Debug   Object Name

      1208        170          0        252          0       7372   bms_analysis.o
       136         28          0          0          0       9597   bms_app.o
       116         50          0          0          0        983   bms_comm.o
      1460        444          0         50          0       4813   bms_energy.o
         0          0          0          6          0        274   bms_global.o
        44          0          0          0          0       1709   bms_hal_control.o
       280         54          0          0          0       3525   bms_hal_monitor.o
      1544        514        138          0          0       2359   bms_info.o
       882        256          0         20         76       4863   bms_monitor.o
       196         92        322          0          0       5886   bms_msh_commond.o
      2072        800          0         84          0       9941   bms_protect.o
       260          0          0          0          0       3276   bms_utils.o
       256         28          4          0      10308       5456   board_1.o
       240         24          0          0         40       1751   can.o
       106         12          0          4          0       2092   clock.o
      1820        642        625          0          0      15763   cmd.o
       194         32         16          0          0       6764   components.o
       244         28          0          0          0        872   context_rvds.o
      1400        736          0         16          0       6234   cpuport.o
        92         40          0          0          0       1196   drv_can.o
       148         60          0          1          0       2791   drv_rs485.o
      1292         62          0         36          0      15566   drv_soft_i2c.o
      4052       1042         62         19        120      25630   drv_softi2c_bq769x0.o
       304         18          0          0          0       1059   gpio.o
       154         24          0          0        376       5574   idle.o
       368          0          0          0          0       7785   ipc.o
        56         12          0          1          0       1890   irq.o
      1662        172        290          0        128      10921   kservice.o
       160          4          0          0          0     412510   main.o
       888        250         51         24         32       6015   mem.o
       862        160        154          0          0       9584   msh.o
       322          6          0         64          0       8580   object.o
       448         58          0         20        256       9098   scheduler.o
      1032        140          4         24        129      12132   shell.o
        36          8        236          0       1024        832   startup_stm32f103xb.o
       152         32          0          9          0       5477   stm32f1xx_hal.o
      1364          0          0          0          0      10694   stm32f1xx_hal_can.o
       304         22          0          0          0      29563   stm32f1xx_hal_cortex.o
       262          4          0          0          0       1823   stm32f1xx_hal_dma.o
       876         38          0          0          0       4671   stm32f1xx_hal_gpio.o
        92         10          0          0          0        954   stm32f1xx_hal_msp.o
      1784        110          0          0          0       6208   stm32f1xx_hal_rcc.o
      1930         10          0          0          0      11705   stm32f1xx_hal_uart.o
        78         18          0          0          0       4319   stm32f1xx_it.o
       166         22         24          4          0       1847   system_stm32f1xx.o
       812         38          0          0          0      13152   thread.o
       846         24          0         12          0      12658   timer.o
       368         36          0          0        136       2431   usart.o

    ----------------------------------------------------------------------
     33418       6330       1962        652      12628     730195   Object Totals
         0          0         32          0          0          0   (incl. Generated)
        50          0          4          6          3          0   (incl. Padding)

    ----------------------------------------------------------------------

      Code (inc. data)   RO Data    RW Data    ZI Data      Debug   Library Member Name

        86          0          0          0          0          0   __dczerorl2.o
         0          0          0          0          0          0   entry.o
         0          0          0          0          0          0   entry10a.o
         0          0          0          0          0          0   entry11a.o
         8          4          0          0          0          0   entry2.o
         4          0          0          0          0          0   entry5.o
         0          0          0          0          0          0   entry7b.o
         0          0          0          0          0          0   entry8b.o
         8          4          0          0          0          0   entry9a.o
        30          0          0          0          0          0   handlers.o
        36          8          0          0          0         68   init.o
         0          0          0          0          0          0   iusefp.o
        30          0          0          0          0         68   llshl.o
        36          0          0          0          0         68   llsshr.o
        32          0          0          0          0         68   llushr.o
        36          0          0          0          0         68   memcpya.o
        36          0          0          0          0        108   memseta.o
      2244         86          0          0          0        512   printfa.o
        24          0          0          0          0         68   strcat.o
        14          0          0          0          0         68   strlen.o
        30          0          0          0          0         80   strncmp.o
        24          0          0          0          0         76   strncpy.o
        44          0          0          0          0         80   uidiv.o
        98          0          0          0          0         92   uldiv.o
        48          0          0          0          0         68   cdcmple.o
        48          0          0          0          0         68   cdrcmple.o
        20          0          0          0          0         68   cfcmple.o
        20          0          0          0          0         68   cfrcmple.o
        56          0          0          0          0         88   d2f.o
       334          0          0          0          0        148   dadd.o
       222          0          0          0          0        100   ddiv.o
       186          0          0          0          0        176   depilogue.o
        48          0          0          0          0         68   dfixul.o
        34          0          0          0          0         76   dflti.o
        26          0          0          0          0         76   dfltui.o
       228          0          0          0          0         96   dmul.o
        38          0          0          0          0         68   f2d.o
       176          0          0          0          0        140   fadd.o
       124          0          0          0          0         88   fdiv.o
       110          0          0          0          0        168   fepilogue.o
        50          0          0          0          0         68   ffixi.o
        40          0          0          0          0         68   ffixui.o
        18          0          0          0          0         68   fflti.o
        10          0          0          0          0         68   ffltui.o
       100          0          0          0          0         76   fmul.o

    ----------------------------------------------------------------------
      4760        102          0          0          0       3336   Library Totals
         4          0          0          0          0          0   (incl. Padding)

    ----------------------------------------------------------------------

      Code (inc. data)   RO Data    RW Data    ZI Data      Debug   Library Name

      2820        102          0          0          0       1424   mc_w.l
      1936          0          0          0          0       1912   mf_w.l

    ----------------------------------------------------------------------
      4760        102          0          0          0       3336   Library Totals

    ----------------------------------------------------------------------

==============================================================================


      Code (inc. data)   RO Data    RW Data    ZI Data      Debug   

     38178       6432       1962        652      12628     716343   Grand Totals
     38178       6432       1962        376      12628     716343   ELF Image Totals (compressed)
     38178       6432       1962        376          0          0   ROM Totals

==============================================================================

    Total RO  Size (Code + RO Data)                40140 (  39.20kB)
    Total RW  Size (RW Data + ZI Data)             13280 (  12.97kB)
    Total ROM Size (Code + RO Data + RW Data)      40516 (  39.57kB)

==============================================================================

